Archive member included to satisfy reference by file (symbol)

c:/st/stm32cubeide_1.3.0/stm32cubeide/plugins/com.st.stm32cube.ide.mcu.externaltools.gnu-tools-for-stm32.7-2018-q2-update.win32_1.5.0.202011040924/tools/bin/../lib/gcc/arm-none-eabi/7.3.1/../../../../arm-none-eabi/lib/thumb/v7-m\libc_nano.a(lib_a-errno.o)
                              Core/Src/syscalls.o (__errno)
c:/st/stm32cubeide_1.3.0/stm32cubeide/plugins/com.st.stm32cube.ide.mcu.externaltools.gnu-tools-for-stm32.7-2018-q2-update.win32_1.5.0.202011040924/tools/bin/../lib/gcc/arm-none-eabi/7.3.1/../../../../arm-none-eabi/lib/thumb/v7-m\libc_nano.a(lib_a-exit.o)
                              c:/st/stm32cubeide_1.3.0/stm32cubeide/plugins/com.st.stm32cube.ide.mcu.externaltools.gnu-tools-for-stm32.7-2018-q2-update.win32_1.5.0.202011040924/tools/bin/../lib/gcc/arm-none-eabi/7.3.1/../../../../arm-none-eabi/lib/thumb/v7-m/crt0.o (exit)
c:/st/stm32cubeide_1.3.0/stm32cubeide/plugins/com.st.stm32cube.ide.mcu.externaltools.gnu-tools-for-stm32.7-2018-q2-update.win32_1.5.0.202011040924/tools/bin/../lib/gcc/arm-none-eabi/7.3.1/../../../../arm-none-eabi/lib/thumb/v7-m\libc_nano.a(lib_a-impure.o)
                              c:/st/stm32cubeide_1.3.0/stm32cubeide/plugins/com.st.stm32cube.ide.mcu.externaltools.gnu-tools-for-stm32.7-2018-q2-update.win32_1.5.0.202011040924/tools/bin/../lib/gcc/arm-none-eabi/7.3.1/../../../../arm-none-eabi/lib/thumb/v7-m\libc_nano.a(lib_a-exit.o) (_global_impure_ptr)
c:/st/stm32cubeide_1.3.0/stm32cubeide/plugins/com.st.stm32cube.ide.mcu.externaltools.gnu-tools-for-stm32.7-2018-q2-update.win32_1.5.0.202011040924/tools/bin/../lib/gcc/arm-none-eabi/7.3.1/../../../../arm-none-eabi/lib/thumb/v7-m\libc_nano.a(lib_a-init.o)
                              c:/st/stm32cubeide_1.3.0/stm32cubeide/plugins/com.st.stm32cube.ide.mcu.externaltools.gnu-tools-for-stm32.7-2018-q2-update.win32_1.5.0.202011040924/tools/bin/../lib/gcc/arm-none-eabi/7.3.1/../../../../arm-none-eabi/lib/thumb/v7-m/crt0.o (__libc_init_array)
c:/st/stm32cubeide_1.3.0/stm32cubeide/plugins/com.st.stm32cube.ide.mcu.externaltools.gnu-tools-for-stm32.7-2018-q2-update.win32_1.5.0.202011040924/tools/bin/../lib/gcc/arm-none-eabi/7.3.1/../../../../arm-none-eabi/lib/thumb/v7-m\libc_nano.a(lib_a-memset.o)
                              c:/st/stm32cubeide_1.3.0/stm32cubeide/plugins/com.st.stm32cube.ide.mcu.externaltools.gnu-tools-for-stm32.7-2018-q2-update.win32_1.5.0.202011040924/tools/bin/../lib/gcc/arm-none-eabi/7.3.1/../../../../arm-none-eabi/lib/thumb/v7-m/crt0.o (memset)
c:/st/stm32cubeide_1.3.0/stm32cubeide/plugins/com.st.stm32cube.ide.mcu.externaltools.gnu-tools-for-stm32.7-2018-q2-update.win32_1.5.0.202011040924/tools/bin/../lib/gcc/arm-none-eabi/7.3.1/../../../../arm-none-eabi/lib/thumb/v7-m\libc_nano.a(lib_a-sprintf.o)
                              Core/Src/main.o (sprintf)
c:/st/stm32cubeide_1.3.0/stm32cubeide/plugins/com.st.stm32cube.ide.mcu.externaltools.gnu-tools-for-stm32.7-2018-q2-update.win32_1.5.0.202011040924/tools/bin/../lib/gcc/arm-none-eabi/7.3.1/../../../../arm-none-eabi/lib/thumb/v7-m\libc_nano.a(lib_a-strlen.o)
                              Core/Src/main.o (strlen)
c:/st/stm32cubeide_1.3.0/stm32cubeide/plugins/com.st.stm32cube.ide.mcu.externaltools.gnu-tools-for-stm32.7-2018-q2-update.win32_1.5.0.202011040924/tools/bin/../lib/gcc/arm-none-eabi/7.3.1/../../../../arm-none-eabi/lib/thumb/v7-m\libc_nano.a(lib_a-nano-svfprintf.o)
                              c:/st/stm32cubeide_1.3.0/stm32cubeide/plugins/com.st.stm32cube.ide.mcu.externaltools.gnu-tools-for-stm32.7-2018-q2-update.win32_1.5.0.202011040924/tools/bin/../lib/gcc/arm-none-eabi/7.3.1/../../../../arm-none-eabi/lib/thumb/v7-m\libc_nano.a(lib_a-sprintf.o) (_svfprintf_r)
c:/st/stm32cubeide_1.3.0/stm32cubeide/plugins/com.st.stm32cube.ide.mcu.externaltools.gnu-tools-for-stm32.7-2018-q2-update.win32_1.5.0.202011040924/tools/bin/../lib/gcc/arm-none-eabi/7.3.1/../../../../arm-none-eabi/lib/thumb/v7-m\libc_nano.a(lib_a-nano-vfprintf_i.o)
                              c:/st/stm32cubeide_1.3.0/stm32cubeide/plugins/com.st.stm32cube.ide.mcu.externaltools.gnu-tools-for-stm32.7-2018-q2-update.win32_1.5.0.202011040924/tools/bin/../lib/gcc/arm-none-eabi/7.3.1/../../../../arm-none-eabi/lib/thumb/v7-m\libc_nano.a(lib_a-nano-svfprintf.o) (_printf_i)
c:/st/stm32cubeide_1.3.0/stm32cubeide/plugins/com.st.stm32cube.ide.mcu.externaltools.gnu-tools-for-stm32.7-2018-q2-update.win32_1.5.0.202011040924/tools/bin/../lib/gcc/arm-none-eabi/7.3.1/../../../../arm-none-eabi/lib/thumb/v7-m\libc_nano.a(lib_a-memchr-stub.o)
                              c:/st/stm32cubeide_1.3.0/stm32cubeide/plugins/com.st.stm32cube.ide.mcu.externaltools.gnu-tools-for-stm32.7-2018-q2-update.win32_1.5.0.202011040924/tools/bin/../lib/gcc/arm-none-eabi/7.3.1/../../../../arm-none-eabi/lib/thumb/v7-m\libc_nano.a(lib_a-nano-svfprintf.o) (memchr)
[...]
Memory Configuration

Name             Origin             Length             Attributes
RAM              0x0000000020000000 0x0000000000004000 xrw
FLASH            0x0000000008000000 0x0000000000020000 xr
*default*        0x0000000000000000 0xffffffffffffffff

Linker script and memory map

LOAD c:/st/stm32cubeide_1.3.0/stm32cubeide/plugins/com.st.stm32cube.ide.mcu.externaltools.gnu-tools-for-stm32.7-2018-q2-update.win32_1.5.0.202011040924/tools/bin/../lib/gcc/arm-none-eabi/7.3.1/thumb/v7-m/crti.o
LOAD c:/st/stm32cubeide_1.3.0/stm32cubeide/plugins/com.st.stm32cube.ide.mcu.externaltools.gnu-tools-for-stm32.7-2018-q2-update.win32_1.5.0.202011040924/tools/bin/../lib/gcc/arm-none-eabi/7.3.1/thumb/v7-m/crtbegin.o
LOAD c:/st/stm32cubeide_1.3.0/stm32cubeide/plugins/com.st.stm32cube.ide.mcu.externaltools.gnu-tools-for-stm32.7-2018-q2-update.win32_1.5.0.202011040924/tools/bin/../lib/gcc/arm-none-eabi/7.3.1/../../../../arm-none-eabi/lib/thumb/v7-m/crt0.o
LOAD Core/Src/gpio.o
LOAD Core/Src/main.o
LOAD Core/Src/stm32l1xx_hal_msp.o
LOAD Core/Src/stm32l1xx_it.o
LOAD Core/Src/syscalls.o
LOAD Core/Src/sysmem.o
LOAD Core/Src/system_stm32l1xx.o
LOAD Core/Src/usart.o
LOAD Core/Startup/startup_stm32l152rbtx.o
LOAD Drivers/STM32L1xx_HAL_Driver/Src/stm32l1xx_hal.o
LOAD Drivers/STM32L1xx_HAL_Driver/Src/stm32l1xx_hal_cortex.o
LOAD Drivers/STM32L1xx_HAL_Driver/Src/stm32l1xx_hal_dma.o
LOAD Drivers/STM32L1xx_HAL_Driver/Src/stm32l1xx_hal_exti.o
LOAD Drivers/STM32L1xx_HAL_Driver/Src/stm32l1xx_hal_flash.o
LOAD Drivers/STM32L1xx_HAL_Driver/Src/stm32l1xx_hal_flash_ex.o
LOAD Drivers/STM32L1xx_HAL_Driver/Src/stm32l1xx_hal_flash_ramfunc.o
LOAD Drivers/STM32L1xx_HAL_Driver/Src/stm32l1xx_hal_gpio.o
LOAD Drivers/STM32L1xx_HAL_Driver/Src/stm32l1xx_hal_pcd.o
LOAD Drivers/STM32L1xx_HAL_Driver/Src/stm32l1xx_hal_pcd_ex.o
LOAD Drivers/STM32L1xx_HAL_Driver/Src/stm32l1xx_hal_pwr.o
LOAD Drivers/STM32L1xx_HAL_Driver/Src/stm32l1xx_hal_pwr_ex.o
LOAD Drivers/STM32L1xx_HAL_Driver/Src/stm32l1xx_hal_rcc.o
LOAD Drivers/STM32L1xx_HAL_Driver/Src/stm32l1xx_hal_rcc_ex.o
LOAD Drivers/STM32L1xx_HAL_Driver/Src/stm32l1xx_hal_tim.o
LOAD Drivers/STM32L1xx_HAL_Driver/Src/stm32l1xx_hal_tim_ex.o
LOAD Drivers/STM32L1xx_HAL_Driver/Src/stm32l1xx_hal_uart.o
LOAD Drivers/STM32L1xx_HAL_Driver/Src/stm32l1xx_ll_usb.o
LOAD Middlewares/ST/STM32_USB_Device_Library/Class/DFU/Src/usbd_dfu.o
LOAD Middlewares/ST/STM32_USB_Device_Library/Core/Src/usbd_core.o
LOAD Middlewares/ST/STM32_USB_Device_Library/Core/Src/usbd_ctlreq.o
LOAD Middlewares/ST/STM32_USB_Device_Library/Core/Src/usbd_ioreq.o
LOAD USB_DEVICE/App/usb_device.o
LOAD USB_DEVICE/App/usbd_desc.o
LOAD USB_DEVICE/App/usbd_dfu_if.o
LOAD USB_DEVICE/Target/usbd_conf.o
START GROUP
LOAD c:/st/stm32cubeide_1.3.0/stm32cubeide/plugins/com.st.stm32cube.ide.mcu.externaltools.gnu-tools-for-stm32.7-2018-q2-update.win32_1.5.0.202011040924/tools/bin/../lib/gcc/arm-none-eabi/7.3.1/../../../../arm-none-eabi/lib/thumb/v7-m\libc_nano.a
LOAD c:/st/stm32cubeide_1.3.0/stm32cubeide/plugins/com.st.stm32cube.ide.mcu.externaltools.gnu-tools-for-stm32.7-2018-q2-update.win32_1.5.0.202011040924/tools/bin/../lib/gcc/arm-none-eabi/7.3.1/../../../../arm-none-eabi/lib/thumb/v7-m\libm.a
END GROUP
START GROUP
LOAD c:/st/stm32cubeide_1.3.0/stm32cubeide/plugins/com.st.stm32cube.ide.mcu.externaltools.gnu-tools-for-stm32.7-2018-q2-update.win32_1.5.0.202011040924/tools/bin/../lib/gcc/arm-none-eabi/7.3.1/thumb/v7-m\libgcc.a
LOAD c:/st/stm32cubeide_1.3.0/stm32cubeide/plugins/com.st.stm32cube.ide.mcu.externaltools.gnu-tools-for-stm32.7-2018-q2-update.win32_1.5.0.202011040924/tools/bin/../lib/gcc/arm-none-eabi/7.3.1/../../../../arm-none-eabi/lib/thumb/v7-m\libc_nano.a
END GROUP
START GROUP
LOAD c:/st/stm32cubeide_1.3.0/stm32cubeide/plugins/com.st.stm32cube.ide.mcu.externaltools.gnu-tools-for-stm32.7-2018-q2-update.win32_1.5.0.202011040924/tools/bin/../lib/gcc/arm-none-eabi/7.3.1/thumb/v7-m\libgcc.a
LOAD c:/st/stm32cubeide_1.3.0/stm32cubeide/plugins/com.st.stm32cube.ide.mcu.externaltools.gnu-tools-for-stm32.7-2018-q2-update.win32_1.5.0.202011040924/tools/bin/../lib/gcc/arm-none-eabi/7.3.1/../../../../arm-none-eabi/lib/thumb/v7-m\libc_nano.a
LOAD c:/st/stm32cubeide_1.3.0/stm32cubeide/plugins/com.st.stm32cube.ide.mcu.externaltools.gnu-tools-for-stm32.7-2018-q2-update.win32_1.5.0.202011040924/tools/bin/../lib/gcc/arm-none-eabi/7.3.1/../../../../arm-none-eabi/lib/thumb/v7-m\libnosys.a
END GROUP
START GROUP
LOAD c:/st/stm32cubeide_1.3.0/stm32cubeide/plugins/com.st.stm32cube.ide.mcu.externaltools.gnu-tools-for-stm32.7-2018-q2-update.win32_1.5.0.202011040924/tools/bin/../lib/gcc/arm-none-eabi/7.3.1/thumb/v7-m\libgcc.a
LOAD c:/st/stm32cubeide_1.3.0/stm32cubeide/plugins/com.st.stm32cube.ide.mcu.externaltools.gnu-tools-for-stm32.7-2018-q2-update.win32_1.5.0.202011040924/tools/bin/../lib/gcc/arm-none-eabi/7.3.1/../../../../arm-none-eabi/lib/thumb/v7-m\libc_nano.a
LOAD c:/st/stm32cubeide_1.3.0/stm32cubeide/plugins/com.st.stm32cube.ide.mcu.externaltools.gnu-tools-for-stm32.7-2018-q2-update.win32_1.5.0.202011040924/tools/bin/../lib/gcc/arm-none-eabi/7.3.1/../../../../arm-none-eabi/lib/thumb/v7-m\libnosys.a
END GROUP
LOAD c:/st/stm32cubeide_1.3.0/stm32cubeide/plugins/com.st.stm32cube.ide.mcu.externaltools.gnu-tools-for-stm32.7-2018-q2-update.win32_1.5.0.202011040924/tools/bin/../lib/gcc/arm-none-eabi/7.3.1/thumb/v7-m/crtend.o
LOAD c:/st/stm32cubeide_1.3.0/stm32cubeide/plugins/com.st.stm32cube.ide.mcu.externaltools.gnu-tools-for-stm32.7-2018-q2-update.win32_1.5.0.202011040924/tools/bin/../lib/gcc/arm-none-eabi/7.3.1/thumb/v7-m/crtn.o
                0x0000000020004000                _estack = (ORIGIN (RAM) + LENGTH (RAM))
                0x0000000000000200                _Min_Heap_Size = 0x200
                0x0000000000000400                _Min_Stack_Size = 0x400

.isr_vector     0x0000000008000000      0x13c
                0x0000000008000000                . = ALIGN (0x4)
 *(.isr_vector)
 .isr_vector    0x0000000008000000      0x13c Core/Startup/startup_stm32l152rbtx.o
                0x0000000008000000                g_pfnVectors
                0x000000000800013c                . = ALIGN (0x4)

.text           0x000000000800013c     0x8798
                0x000000000800013c                . = ALIGN (0x4)
 *(.text)
 .text          0x000000000800013c       0x40 c:/st/stm32cubeide_1.3.0/stm32cubeide/plugins/com.st.stm32cube.ide.mcu.externaltools.gnu-tools-for-stm32.7-2018-q2-update.win32_1.5.0.202011040924/tools/bin/../lib/gcc/arm-none-eabi/7.3.1/thumb/v7-m/crtbegin.o
 .text          0x000000000800017c       0x10 c:/st/stm32cubeide_1.3.0/stm32cubeide/plugins/com.st.stm32cube.ide.mcu.externaltools.gnu-tools-for-stm32.7-2018-q2-update.win32_1.5.0.202011040924/tools/bin/../lib/gcc/arm-none-eabi/7.3.1/../../../../arm-none-eabi/lib/thumb/v7-m\libc_nano.a(lib_a-strlen.o)
                0x000000000800017c                strlen
 .text          0x000000000800018c       0x30 c:/st/stm32cubeide_1.3.0/stm32cubeide/plugins/com.st.stm32cube.ide.mcu.externaltools.gnu-tools-for-stm32.7-2018-q2-update.win32_1.5.0.202011040924/tools/bin/../lib/gcc/arm-none-eabi/7.3.1/thumb/v7-m\libgcc.a(_aeabi_uldivmod.o)
                0x000000000800018c                __aeabi_uldivmod
 .text          0x00000000080001bc      0x2d0 c:/st/stm32cubeide_1.3.0/stm32cubeide/plugins/com.st.stm32cube.ide.mcu.externaltools.gnu-tools-for-stm32.7-2018-q2-update.win32_1.5.0.202011040924/tools/bin/../lib/gcc/arm-none-eabi/7.3.1/thumb/v7-m\libgcc.a(_udivmoddi4.o)
                0x00000000080001bc                __udivmoddi4
 .text          0x000000000800048c        0x4 c:/st/stm32cubeide_1.3.0/stm32cubeide/plugins/com.st.stm32cube.ide.mcu.externaltools.gnu-tools-for-stm32.7-2018-q2-update.win32_1.5.0.202011040924/tools/bin/../lib/gcc/arm-none-eabi/7.3.1/thumb/v7-m\libgcc.a(_dvmd_tls.o)
                0x000000000800048c                __aeabi_idiv0
                0x000000000800048c                __aeabi_ldiv0
 *(.text*)
 .text.MX_GPIO_Init
                0x0000000008000490       0x88 Core/Src/gpio.o
                0x0000000008000490                MX_GPIO_Init
 .text.main     0x0000000008000518      0x100 Core/Src/main.o
                0x0000000008000518                main
 .text.SystemClock_Config
                0x0000000008000618       0x98 Core/Src/main.o
                0x0000000008000618                SystemClock_Config
 .text.Error_Handler
                0x00000000080006b0        0x8 Core/Src/main.o
                0x00000000080006b0                Error_Handler
 .text.HAL_MspInit
                0x00000000080006b8       0x5c Core/Src/stm32l1xx_hal_msp.o
                0x00000000080006b8                HAL_MspInit
 .text.NMI_Handler
                0x0000000008000714        0x6 Core/Src/stm32l1xx_it.o
                0x0000000008000714                NMI_Handler
 .text.HardFault_Handler
                0x000000000800071a        0x6 Core/Src/stm32l1xx_it.o
                0x000000000800071a                HardFault_Handler
 .text.MemManage_Handler
                0x0000000008000720        0x6 Core/Src/stm32l1xx_it.o
                0x0000000008000720                MemManage_Handler
 .text.BusFault_Handler
                0x0000000008000726        0x6 Core/Src/stm32l1xx_it.o
                0x0000000008000726                BusFault_Handler
 .text.UsageFault_Handler
                0x000000000800072c        0x6 Core/Src/stm32l1xx_it.o
                0x000000000800072c                UsageFault_Handler
 .text.SVC_Handler
                0x0000000008000732        0xc Core/Src/stm32l1xx_it.o
                0x0000000008000732                SVC_Handler
 .text.DebugMon_Handler
                0x000000000800073e        0xc Core/Src/stm32l1xx_it.o
                0x000000000800073e                DebugMon_Handler
 .text.PendSV_Handler
                0x000000000800074a        0xc Core/Src/stm32l1xx_it.o
                0x000000000800074a                PendSV_Handler
 .text.SysTick_Handler
                0x0000000008000756        0xc Core/Src/stm32l1xx_it.o
                0x0000000008000756                SysTick_Handler
 *fill*         0x0000000008000762        0x2 
 .text.USB_LP_IRQHandler
                0x0000000008000764       0x14 Core/Src/stm32l1xx_it.o
                0x0000000008000764                USB_LP_IRQHandler
 .text.USART2_IRQHandler
                0x0000000008000778       0x14 Core/Src/stm32l1xx_it.o
                0x0000000008000778                USART2_IRQHandler
 .text._sbrk    0x000000000800078c       0x6c Core/Src/sysmem.o
                0x000000000800078c                _sbrk
 .text.SystemInit
                0x00000000080007f8       0x18 Core/Src/system_stm32l1xx.o
                0x00000000080007f8                SystemInit
 .text.MX_USART2_UART_Init
                0x0000000008000810       0x54 Core/Src/usart.o
                0x0000000008000810                MX_USART2_UART_Init
 .text.HAL_UART_MspInit
                0x0000000008000864       0x98 Core/Src/usart.o
                0x0000000008000864                HAL_UART_MspInit
 .text.Reset_Handler
                0x00000000080008fc       0x48 Core/Startup/startup_stm32l152rbtx.o
                0x00000000080008fc                Reset_Handler
 .text.Default_Handler
                0x0000000008000944        0x2 Core/Startup/startup_stm32l152rbtx.o
                0x0000000008000944                RTC_Alarm_IRQHandler
                0x0000000008000944                EXTI2_IRQHandler
                0x0000000008000944                TIM10_IRQHandler
                0x0000000008000944                USB_HP_IRQHandler
                0x0000000008000944                TIM6_IRQHandler
                0x0000000008000944                PVD_IRQHandler
                0x0000000008000944                EXTI3_IRQHandler
                0x0000000008000944                EXTI0_IRQHandler
                0x0000000008000944                I2C2_EV_IRQHandler
                0x0000000008000944                SPI1_IRQHandler
                0x0000000008000944                USB_FS_WKUP_IRQHandler
                0x0000000008000944                DMA1_Channel4_IRQHandler
                0x0000000008000944                ADC1_IRQHandler
                0x0000000008000944                USART3_IRQHandler
                0x0000000008000944                DMA1_Channel7_IRQHandler
                0x0000000008000944                LCD_IRQHandler
                0x0000000008000944                TIM4_IRQHandler
                0x0000000008000944                I2C1_EV_IRQHandler
                0x0000000008000944                DMA1_Channel6_IRQHandler
                0x0000000008000944                TIM3_IRQHandler
                0x0000000008000944                RCC_IRQHandler
                0x0000000008000944                DMA1_Channel1_IRQHandler
                0x0000000008000944                Default_Handler
                0x0000000008000944                EXTI15_10_IRQHandler
                0x0000000008000944                TIM7_IRQHandler
                0x0000000008000944                EXTI9_5_IRQHandler
                0x0000000008000944                TIM9_IRQHandler
                0x0000000008000944                TAMPER_STAMP_IRQHandler
                0x0000000008000944                RTC_WKUP_IRQHandler
                0x0000000008000944                SPI2_IRQHandler
                0x0000000008000944                DMA1_Channel5_IRQHandler
                0x0000000008000944                EXTI4_IRQHandler
                0x0000000008000944                DMA1_Channel3_IRQHandler
                0x0000000008000944                COMP_IRQHandler
                0x0000000008000944                WWDG_IRQHandler
                0x0000000008000944                TIM2_IRQHandler
                0x0000000008000944                DAC_IRQHandler
                0x0000000008000944                EXTI1_IRQHandler
                0x0000000008000944                TIM11_IRQHandler
                0x0000000008000944                I2C2_ER_IRQHandler
                0x0000000008000944                DMA1_Channel2_IRQHandler
                0x0000000008000944                FLASH_IRQHandler
                0x0000000008000944                USART1_IRQHandler
                0x0000000008000944                I2C1_ER_IRQHandler
 .text.HAL_Init
                0x0000000008000946       0x30 Drivers/STM32L1xx_HAL_Driver/Src/stm32l1xx_hal.o
                0x0000000008000946                HAL_Init
 *fill*         0x0000000008000976        0x2 
 .text.HAL_InitTick
                0x0000000008000978       0x74 Drivers/STM32L1xx_HAL_Driver/Src/stm32l1xx_hal.o
                0x0000000008000978                HAL_InitTick
 .text.HAL_IncTick
                0x00000000080009ec       0x24 Drivers/STM32L1xx_HAL_Driver/Src/stm32l1xx_hal.o
                0x00000000080009ec                HAL_IncTick
 .text.HAL_GetTick
                0x0000000008000a10       0x14 Drivers/STM32L1xx_HAL_Driver/Src/stm32l1xx_hal.o
                0x0000000008000a10                HAL_GetTick
 .text.HAL_Delay
                0x0000000008000a24       0x44 Drivers/STM32L1xx_HAL_Driver/Src/stm32l1xx_hal.o
                0x0000000008000a24                HAL_Delay
 .text.__NVIC_SetPriorityGrouping
                0x0000000008000a68       0x48 Drivers/STM32L1xx_HAL_Driver/Src/stm32l1xx_hal_cortex.o
 .text.__NVIC_GetPriorityGrouping
                0x0000000008000ab0       0x1c Drivers/STM32L1xx_HAL_Driver/Src/stm32l1xx_hal_cortex.o
 .text.__NVIC_EnableIRQ
                0x0000000008000acc       0x38 Drivers/STM32L1xx_HAL_Driver/Src/stm32l1xx_hal_cortex.o
 .text.__NVIC_SetPriority
                0x0000000008000b04       0x54 Drivers/STM32L1xx_HAL_Driver/Src/stm32l1xx_hal_cortex.o
 .text.NVIC_EncodePriority
                0x0000000008000b58       0x64 Drivers/STM32L1xx_HAL_Driver/Src/stm32l1xx_hal_cortex.o
 .text.SysTick_Config
                0x0000000008000bbc       0x44 Drivers/STM32L1xx_HAL_Driver/Src/stm32l1xx_hal_cortex.o
 .text.HAL_NVIC_SetPriorityGrouping
                0x0000000008000c00       0x16 Drivers/STM32L1xx_HAL_Driver/Src/stm32l1xx_hal_cortex.o
                0x0000000008000c00                HAL_NVIC_SetPriorityGrouping
 .text.HAL_NVIC_SetPriority
                0x0000000008000c16       0x38 Drivers/STM32L1xx_HAL_Driver/Src/stm32l1xx_hal_cortex.o
                0x0000000008000c16                HAL_NVIC_SetPriority
 .text.HAL_NVIC_EnableIRQ
                0x0000000008000c4e       0x1c Drivers/STM32L1xx_HAL_Driver/Src/stm32l1xx_hal_cortex.o
                0x0000000008000c4e                HAL_NVIC_EnableIRQ
 .text.HAL_SYSTICK_Config
                0x0000000008000c6a       0x18 Drivers/STM32L1xx_HAL_Driver/Src/stm32l1xx_hal_cortex.o
                0x0000000008000c6a                HAL_SYSTICK_Config
 .text.HAL_DMA_Abort_IT
                0x0000000008000c82       0x82 Drivers/STM32L1xx_HAL_Driver/Src/stm32l1xx_hal_dma.o
                0x0000000008000c82                HAL_DMA_Abort_IT
 .text.HAL_FLASH_Program
                0x0000000008000d04       0x60 Drivers/STM32L1xx_HAL_Driver/Src/stm32l1xx_hal_flash.o
                0x0000000008000d04                HAL_FLASH_Program
 .text.HAL_FLASH_Unlock
                0x0000000008000d64       0x74 Drivers/STM32L1xx_HAL_Driver/Src/stm32l1xx_hal_flash.o
                0x0000000008000d64                HAL_FLASH_Unlock
 .text.HAL_FLASH_Lock
                0x0000000008000dd8       0x20 Drivers/STM32L1xx_HAL_Driver/Src/stm32l1xx_hal_flash.o
                0x0000000008000dd8                HAL_FLASH_Lock
 .text.FLASH_WaitForLastOperation
                0x0000000008000df8       0x90 Drivers/STM32L1xx_HAL_Driver/Src/stm32l1xx_hal_flash.o
                0x0000000008000df8                FLASH_WaitForLastOperation
 .text.FLASH_SetErrorCode
                0x0000000008000e88       0x88 Drivers/STM32L1xx_HAL_Driver/Src/stm32l1xx_hal_flash.o
 .text.HAL_FLASHEx_Erase
                0x0000000008000f10       0xb0 Drivers/STM32L1xx_HAL_Driver/Src/stm32l1xx_hal_flash_ex.o
                0x0000000008000f10                HAL_FLASHEx_Erase
 .text.FLASH_PageErase
                0x0000000008000fc0       0x44 Drivers/STM32L1xx_HAL_Driver/Src/stm32l1xx_hal_flash_ex.o
                0x0000000008000fc0                FLASH_PageErase
 .text.HAL_GPIO_Init
                0x0000000008001004      0x2fc Drivers/STM32L1xx_HAL_Driver/Src/stm32l1xx_hal_gpio.o
                0x0000000008001004                HAL_GPIO_Init
 .text.HAL_GPIO_ReadPin
                0x0000000008001300       0x2e Drivers/STM32L1xx_HAL_Driver/Src/stm32l1xx_hal_gpio.o
                0x0000000008001300                HAL_GPIO_ReadPin
 .text.HAL_PCD_Init
                0x000000000800132e      0x1bc Drivers/STM32L1xx_HAL_Driver/Src/stm32l1xx_hal_pcd.o
                0x000000000800132e                HAL_PCD_Init
 .text.HAL_PCD_Start
                0x00000000080014ea       0x4c Drivers/STM32L1xx_HAL_Driver/Src/stm32l1xx_hal_pcd.o
                0x00000000080014ea                HAL_PCD_Start
 .text.HAL_PCD_Stop
                0x0000000008001536       0x4c Drivers/STM32L1xx_HAL_Driver/Src/stm32l1xx_hal_pcd.o
                0x0000000008001536                HAL_PCD_Stop
 .text.HAL_PCD_IRQHandler
                0x0000000008001582      0x1ee Drivers/STM32L1xx_HAL_Driver/Src/stm32l1xx_hal_pcd.o
                0x0000000008001582                HAL_PCD_IRQHandler
 .text.HAL_PCD_SetAddress
                0x0000000008001770       0x4a Drivers/STM32L1xx_HAL_Driver/Src/stm32l1xx_hal_pcd.o
                0x0000000008001770                HAL_PCD_SetAddress
 .text.HAL_PCD_EP_Open
                0x00000000080017ba       0xcc Drivers/STM32L1xx_HAL_Driver/Src/stm32l1xx_hal_pcd.o
                0x00000000080017ba                HAL_PCD_EP_Open
 .text.HAL_PCD_EP_Receive
                0x0000000008001886       0x7a Drivers/STM32L1xx_HAL_Driver/Src/stm32l1xx_hal_pcd.o
                0x0000000008001886                HAL_PCD_EP_Receive
 .text.HAL_PCD_EP_Transmit
                0x0000000008001900       0x86 Drivers/STM32L1xx_HAL_Driver/Src/stm32l1xx_hal_pcd.o
                0x0000000008001900                HAL_PCD_EP_Transmit
 .text.HAL_PCD_EP_SetStall
                0x0000000008001986       0xc0 Drivers/STM32L1xx_HAL_Driver/Src/stm32l1xx_hal_pcd.o
                0x0000000008001986                HAL_PCD_EP_SetStall
 .text.HAL_PCD_EP_ClrStall
                0x0000000008001a46       0xa8 Drivers/STM32L1xx_HAL_Driver/Src/stm32l1xx_hal_pcd.o
                0x0000000008001a46                HAL_PCD_EP_ClrStall
 .text.PCD_EP_ISR_Handler
                0x0000000008001aee      0x5e6 Drivers/STM32L1xx_HAL_Driver/Src/stm32l1xx_hal_pcd.o
 .text.HAL_PCD_EP_DB_Receive
                0x00000000080020d4      0x21a Drivers/STM32L1xx_HAL_Driver/Src/stm32l1xx_hal_pcd.o
 .text.HAL_PCD_EP_DB_Transmit
                0x00000000080022ee      0x53a Drivers/STM32L1xx_HAL_Driver/Src/stm32l1xx_hal_pcd.o
 .text.HAL_PCDEx_PMAConfig
                0x0000000008002828       0x84 Drivers/STM32L1xx_HAL_Driver/Src/stm32l1xx_hal_pcd_ex.o
                0x0000000008002828                HAL_PCDEx_PMAConfig
 .text.HAL_RCC_OscConfig
                0x00000000080028ac      0x660 Drivers/STM32L1xx_HAL_Driver/Src/stm32l1xx_hal_rcc.o
                0x00000000080028ac                HAL_RCC_OscConfig
 .text.HAL_RCC_ClockConfig
                0x0000000008002f0c      0x268 Drivers/STM32L1xx_HAL_Driver/Src/stm32l1xx_hal_rcc.o
                0x0000000008002f0c                HAL_RCC_ClockConfig
 .text.HAL_RCC_GetSysClockFreq
                0x0000000008003174      0x194 Drivers/STM32L1xx_HAL_Driver/Src/stm32l1xx_hal_rcc.o
                0x0000000008003174                HAL_RCC_GetSysClockFreq
 .text.HAL_RCC_GetHCLKFreq
                0x0000000008003308       0x14 Drivers/STM32L1xx_HAL_Driver/Src/stm32l1xx_hal_rcc.o
                0x0000000008003308                HAL_RCC_GetHCLKFreq
 .text.HAL_RCC_GetPCLK1Freq
                0x000000000800331c       0x28 Drivers/STM32L1xx_HAL_Driver/Src/stm32l1xx_hal_rcc.o
                0x000000000800331c                HAL_RCC_GetPCLK1Freq
 .text.HAL_RCC_GetPCLK2Freq
                0x0000000008003344       0x28 Drivers/STM32L1xx_HAL_Driver/Src/stm32l1xx_hal_rcc.o
                0x0000000008003344                HAL_RCC_GetPCLK2Freq
 .text.RCC_SetFlashLatencyFromMSIRange
                0x000000000800336c       0xc0 Drivers/STM32L1xx_HAL_Driver/Src/stm32l1xx_hal_rcc.o
 .text.HAL_UART_Init
                0x000000000800342c       0x9a Drivers/STM32L1xx_HAL_Driver/Src/stm32l1xx_hal_uart.o
                0x000000000800342c                HAL_UART_Init
 .text.HAL_UART_Transmit
                0x00000000080034c6      0x132 Drivers/STM32L1xx_HAL_Driver/Src/stm32l1xx_hal_uart.o
                0x00000000080034c6                HAL_UART_Transmit
 .text.HAL_UART_IRQHandler
                0x00000000080035f8      0x200 Drivers/STM32L1xx_HAL_Driver/Src/stm32l1xx_hal_uart.o
                0x00000000080035f8                HAL_UART_IRQHandler
 .text.HAL_UART_TxCpltCallback
                0x00000000080037f8       0x12 Drivers/STM32L1xx_HAL_Driver/Src/stm32l1xx_hal_uart.o
                0x00000000080037f8                HAL_UART_TxCpltCallback
 .text.HAL_UART_RxCpltCallback
                0x000000000800380a       0x12 Drivers/STM32L1xx_HAL_Driver/Src/stm32l1xx_hal_uart.o
                0x000000000800380a                HAL_UART_RxCpltCallback
 .text.HAL_UART_ErrorCallback
                0x000000000800381c       0x12 Drivers/STM32L1xx_HAL_Driver/Src/stm32l1xx_hal_uart.o
                0x000000000800381c                HAL_UART_ErrorCallback
 .text.UART_WaitOnFlagUntilTimeout
                0x000000000800382e       0x94 Drivers/STM32L1xx_HAL_Driver/Src/stm32l1xx_hal_uart.o
 .text.UART_EndRxTransfer
                0x00000000080038c2       0x3a Drivers/STM32L1xx_HAL_Driver/Src/stm32l1xx_hal_uart.o
 .text.UART_DMAAbortOnError
                0x00000000080038fc       0x28 Drivers/STM32L1xx_HAL_Driver/Src/stm32l1xx_hal_uart.o
 .text.UART_Transmit_IT
                0x0000000008003924       0xaa Drivers/STM32L1xx_HAL_Driver/Src/stm32l1xx_hal_uart.o
 .text.UART_EndTransmit_IT
                0x00000000080039ce       0x30 Drivers/STM32L1xx_HAL_Driver/Src/stm32l1xx_hal_uart.o
 .text.UART_Receive_IT
                0x00000000080039fe      0x102 Drivers/STM32L1xx_HAL_Driver/Src/stm32l1xx_hal_uart.o
 .text.UART_SetConfig
                0x0000000008003b00      0x1c8 Drivers/STM32L1xx_HAL_Driver/Src/stm32l1xx_hal_uart.o
 .text.USB_EnableGlobalInt
                0x0000000008003cc8       0x2c Drivers/STM32L1xx_HAL_Driver/Src/stm32l1xx_ll_usb.o
                0x0000000008003cc8                USB_EnableGlobalInt
 .text.USB_DisableGlobalInt
                0x0000000008003cf4       0x34 Drivers/STM32L1xx_HAL_Driver/Src/stm32l1xx_ll_usb.o
                0x0000000008003cf4                USB_DisableGlobalInt
 .text.USB_DevInit
                0x0000000008003d28       0x40 Drivers/STM32L1xx_HAL_Driver/Src/stm32l1xx_ll_usb.o
                0x0000000008003d28                USB_DevInit
 .text.USB_ActivateEndpoint
                0x0000000008003d68      0x6d4 Drivers/STM32L1xx_HAL_Driver/Src/stm32l1xx_ll_usb.o
                0x0000000008003d68                USB_ActivateEndpoint
 .text.USB_EPStartXfer
                0x000000000800443c     0x125e Drivers/STM32L1xx_HAL_Driver/Src/stm32l1xx_ll_usb.o
                0x000000000800443c                USB_EPStartXfer
 .text.USB_EPSetStall
                0x000000000800569a       0xa0 Drivers/STM32L1xx_HAL_Driver/Src/stm32l1xx_ll_usb.o
                0x000000000800569a                USB_EPSetStall
 .text.USB_EPClearStall
                0x000000000800573a      0x15a Drivers/STM32L1xx_HAL_Driver/Src/stm32l1xx_ll_usb.o
                0x000000000800573a                USB_EPClearStall
 .text.USB_SetDevAddress
                0x0000000008005894       0x26 Drivers/STM32L1xx_HAL_Driver/Src/stm32l1xx_ll_usb.o
                0x0000000008005894                USB_SetDevAddress
 .text.USB_DevConnect
                0x00000000080058ba       0x14 Drivers/STM32L1xx_HAL_Driver/Src/stm32l1xx_ll_usb.o
                0x00000000080058ba                USB_DevConnect
 .text.USB_DevDisconnect
                0x00000000080058ce       0x14 Drivers/STM32L1xx_HAL_Driver/Src/stm32l1xx_ll_usb.o
                0x00000000080058ce                USB_DevDisconnect
 .text.USB_ReadInterrupts
                0x00000000080058e2       0x1e Drivers/STM32L1xx_HAL_Driver/Src/stm32l1xx_ll_usb.o
                0x00000000080058e2                USB_ReadInterrupts
 .text.USB_EP0_OutStart
                0x0000000008005900       0x16 Drivers/STM32L1xx_HAL_Driver/Src/stm32l1xx_ll_usb.o
                0x0000000008005900                USB_EP0_OutStart
 .text.USB_WritePMA
                0x0000000008005916       0x88 Drivers/STM32L1xx_HAL_Driver/Src/stm32l1xx_ll_usb.o
                0x0000000008005916                USB_WritePMA
 .text.USB_ReadPMA
                0x000000000800599e       0x9e Drivers/STM32L1xx_HAL_Driver/Src/stm32l1xx_ll_usb.o
                0x000000000800599e                USB_ReadPMA
 .text.__NVIC_SystemReset
                0x0000000008005a3c       0x28 Middlewares/ST/STM32_USB_Device_Library/Class/DFU/Src/usbd_dfu.o
 .text.USBD_DFU_Init
                0x0000000008005a64       0xb4 Middlewares/ST/STM32_USB_Device_Library/Class/DFU/Src/usbd_dfu.o
 .text.USBD_DFU_DeInit
                0x0000000008005b18       0x6e Middlewares/ST/STM32_USB_Device_Library/Class/DFU/Src/usbd_dfu.o
 *fill*         0x0000000008005b86        0x2 
 .text.USBD_DFU_Setup
                0x0000000008005b88      0x1d4 Middlewares/ST/STM32_USB_Device_Library/Class/DFU/Src/usbd_dfu.o
 .text.USBD_DFU_GetCfgDesc
                0x0000000008005d5c       0x20 Middlewares/ST/STM32_USB_Device_Library/Class/DFU/Src/usbd_dfu.o
 .text.USBD_DFU_DataIn
                0x0000000008005d7c       0x18 Middlewares/ST/STM32_USB_Device_Library/Class/DFU/Src/usbd_dfu.o
 .text.USBD_DFU_EP0_RxReady
                0x0000000008005d94       0x14 Middlewares/ST/STM32_USB_Device_Library/Class/DFU/Src/usbd_dfu.o
 .text.USBD_DFU_EP0_TxReady
                0x0000000008005da8      0x1d0 Middlewares/ST/STM32_USB_Device_Library/Class/DFU/Src/usbd_dfu.o
 .text.USBD_DFU_SOF
                0x0000000008005f78       0x14 Middlewares/ST/STM32_USB_Device_Library/Class/DFU/Src/usbd_dfu.o
 .text.USBD_DFU_IsoINIncomplete
                0x0000000008005f8c       0x18 Middlewares/ST/STM32_USB_Device_Library/Class/DFU/Src/usbd_dfu.o
 .text.USBD_DFU_IsoOutIncomplete
                0x0000000008005fa4       0x18 Middlewares/ST/STM32_USB_Device_Library/Class/DFU/Src/usbd_dfu.o
 .text.USBD_DFU_DataOut
                0x0000000008005fbc       0x18 Middlewares/ST/STM32_USB_Device_Library/Class/DFU/Src/usbd_dfu.o
 .text.USBD_DFU_GetDeviceQualifierDesc
                0x0000000008005fd4       0x20 Middlewares/ST/STM32_USB_Device_Library/Class/DFU/Src/usbd_dfu.o
 .text.USBD_DFU_GetUsrStringDesc
                0x0000000008005ff4       0x38 Middlewares/ST/STM32_USB_Device_Library/Class/DFU/Src/usbd_dfu.o
 .text.USBD_DFU_RegisterMedia
                0x000000000800602c       0x24 Middlewares/ST/STM32_USB_Device_Library/Class/DFU/Src/usbd_dfu.o
                0x000000000800602c                USBD_DFU_RegisterMedia
 .text.DFU_Detach
                0x0000000008006050       0xc0 Middlewares/ST/STM32_USB_Device_Library/Class/DFU/Src/usbd_dfu.o
 .text.DFU_Download
                0x0000000008006110       0xd4 Middlewares/ST/STM32_USB_Device_Library/Class/DFU/Src/usbd_dfu.o
 .text.DFU_Upload
                0x00000000080061e4      0x1b8 Middlewares/ST/STM32_USB_Device_Library/Class/DFU/Src/usbd_dfu.o
 .text.DFU_GetStatus
                0x000000000800639c      0x164 Middlewares/ST/STM32_USB_Device_Library/Class/DFU/Src/usbd_dfu.o
 .text.DFU_ClearStatus
                0x0000000008006500       0x9e Middlewares/ST/STM32_USB_Device_Library/Class/DFU/Src/usbd_dfu.o
 .text.DFU_GetState
                0x000000000800659e       0x28 Middlewares/ST/STM32_USB_Device_Library/Class/DFU/Src/usbd_dfu.o
 .text.DFU_Abort
                0x00000000080065c6       0x98 Middlewares/ST/STM32_USB_Device_Library/Class/DFU/Src/usbd_dfu.o
 *fill*         0x000000000800665e        0x2 
 .text.DFU_Leave
                0x0000000008006660       0x9c Middlewares/ST/STM32_USB_Device_Library/Class/DFU/Src/usbd_dfu.o
 .text.USBD_Init
                0x00000000080066fc       0x56 Middlewares/ST/STM32_USB_Device_Library/Core/Src/usbd_core.o
                0x00000000080066fc                USBD_Init
 .text.USBD_RegisterClass
                0x0000000008006752       0x32 Middlewares/ST/STM32_USB_Device_Library/Core/Src/usbd_core.o
                0x0000000008006752                USBD_RegisterClass
 .text.USBD_Start
                0x0000000008006784       0x18 Middlewares/ST/STM32_USB_Device_Library/Core/Src/usbd_core.o
                0x0000000008006784                USBD_Start
 .text.USBD_Stop
                0x000000000800679c       0x2c Middlewares/ST/STM32_USB_Device_Library/Core/Src/usbd_core.o
                0x000000000800679c                USBD_Stop
 .text.USBD_RunTestMode
                0x00000000080067c8       0x14 Middlewares/ST/STM32_USB_Device_Library/Core/Src/usbd_core.o
                0x00000000080067c8                USBD_RunTestMode
 .text.USBD_SetClassConfig
                0x00000000080067dc       0x3e Middlewares/ST/STM32_USB_Device_Library/Core/Src/usbd_core.o
                0x00000000080067dc                USBD_SetClassConfig
 .text.USBD_ClrClassConfig
                0x000000000800681a       0x26 Middlewares/ST/STM32_USB_Device_Library/Core/Src/usbd_core.o
                0x000000000800681a                USBD_ClrClassConfig
 .text.USBD_LL_SetupStage
                0x0000000008006840       0x96 Middlewares/ST/STM32_USB_Device_Library/Core/Src/usbd_core.o
                0x0000000008006840                USBD_LL_SetupStage
 .text.USBD_LL_DataOutStage
                0x00000000080068d6       0xe2 Middlewares/ST/STM32_USB_Device_Library/Core/Src/usbd_core.o
                0x00000000080068d6                USBD_LL_DataOutStage
 .text.USBD_LL_DataInStage
                0x00000000080069b8      0x14a Middlewares/ST/STM32_USB_Device_Library/Core/Src/usbd_core.o
                0x00000000080069b8                USBD_LL_DataInStage
 .text.USBD_LL_Reset
                0x0000000008006b02       0x82 Middlewares/ST/STM32_USB_Device_Library/Core/Src/usbd_core.o
                0x0000000008006b02                USBD_LL_Reset
 .text.USBD_LL_SetSpeed
                0x0000000008006b84       0x1e Middlewares/ST/STM32_USB_Device_Library/Core/Src/usbd_core.o
                0x0000000008006b84                USBD_LL_SetSpeed
 .text.USBD_LL_Suspend
                0x0000000008006ba2       0x28 Middlewares/ST/STM32_USB_Device_Library/Core/Src/usbd_core.o
                0x0000000008006ba2                USBD_LL_Suspend
 .text.USBD_LL_Resume
                0x0000000008006bca       0x20 Middlewares/ST/STM32_USB_Device_Library/Core/Src/usbd_core.o
                0x0000000008006bca                USBD_LL_Resume
 .text.USBD_LL_SOF
                0x0000000008006bea       0x34 Middlewares/ST/STM32_USB_Device_Library/Core/Src/usbd_core.o
                0x0000000008006bea                USBD_LL_SOF
 *fill*         0x0000000008006c1e        0x2 
 .text.USBD_StdDevReq
                0x0000000008006c20       0xd4 Middlewares/ST/STM32_USB_Device_Library/Core/Src/usbd_ctlreq.o
                0x0000000008006c20                USBD_StdDevReq
 .text.USBD_StdItfReq
                0x0000000008006cf4       0x8c Middlewares/ST/STM32_USB_Device_Library/Core/Src/usbd_ctlreq.o
                0x0000000008006cf4                USBD_StdItfReq
 .text.USBD_StdEPReq
                0x0000000008006d80      0x2b6 Middlewares/ST/STM32_USB_Device_Library/Core/Src/usbd_ctlreq.o
                0x0000000008006d80                USBD_StdEPReq
 *fill*         0x0000000008007036        0x2 
 .text.USBD_GetDescriptor
                0x0000000008007038      0x204 Middlewares/ST/STM32_USB_Device_Library/Core/Src/usbd_ctlreq.o
 .text.USBD_SetAddress
                0x000000000800723c       0x84 Middlewares/ST/STM32_USB_Device_Library/Core/Src/usbd_ctlreq.o
 .text.USBD_SetConfig
                0x00000000080072c0      0x11c Middlewares/ST/STM32_USB_Device_Library/Core/Src/usbd_ctlreq.o
 .text.USBD_GetConfig
                0x00000000080073dc       0x68 Middlewares/ST/STM32_USB_Device_Library/Core/Src/usbd_ctlreq.o
 .text.USBD_GetStatus
                0x0000000008007444       0x66 Middlewares/ST/STM32_USB_Device_Library/Core/Src/usbd_ctlreq.o
 .text.USBD_SetFeature
                0x00000000080074aa       0x28 Middlewares/ST/STM32_USB_Device_Library/Core/Src/usbd_ctlreq.o
 .text.USBD_ClrFeature
                0x00000000080074d2       0x42 Middlewares/ST/STM32_USB_Device_Library/Core/Src/usbd_ctlreq.o
 .text.USBD_ParseSetupRequest
                0x0000000008007514       0x78 Middlewares/ST/STM32_USB_Device_Library/Core/Src/usbd_ctlreq.o
                0x0000000008007514                USBD_ParseSetupRequest
 .text.USBD_CtlError
                0x000000000800758c       0x22 Middlewares/ST/STM32_USB_Device_Library/Core/Src/usbd_ctlreq.o
                0x000000000800758c                USBD_CtlError
 .text.USBD_GetString
                0x00000000080075ae       0x84 Middlewares/ST/STM32_USB_Device_Library/Core/Src/usbd_ctlreq.o
                0x00000000080075ae                USBD_GetString
 .text.USBD_GetLen
                0x0000000008007632       0x2e Middlewares/ST/STM32_USB_Device_Library/Core/Src/usbd_ctlreq.o
 .text.USBD_CtlSendData
                0x0000000008007660       0x38 Middlewares/ST/STM32_USB_Device_Library/Core/Src/usbd_ioreq.o
                0x0000000008007660                USBD_CtlSendData
 .text.USBD_CtlContinueSendData
                0x0000000008007698       0x24 Middlewares/ST/STM32_USB_Device_Library/Core/Src/usbd_ioreq.o
                0x0000000008007698                USBD_CtlContinueSendData
 .text.USBD_CtlPrepareRx
                0x00000000080076bc       0x3c Middlewares/ST/STM32_USB_Device_Library/Core/Src/usbd_ioreq.o
                0x00000000080076bc                USBD_CtlPrepareRx
 .text.USBD_CtlContinueRx
                0x00000000080076f8       0x24 Middlewares/ST/STM32_USB_Device_Library/Core/Src/usbd_ioreq.o
                0x00000000080076f8                USBD_CtlContinueRx
 .text.USBD_CtlSendStatus
                0x000000000800771c       0x26 Middlewares/ST/STM32_USB_Device_Library/Core/Src/usbd_ioreq.o
                0x000000000800771c                USBD_CtlSendStatus
 .text.USBD_CtlReceiveStatus
                0x0000000008007742       0x26 Middlewares/ST/STM32_USB_Device_Library/Core/Src/usbd_ioreq.o
                0x0000000008007742                USBD_CtlReceiveStatus
 .text.MX_USB_DEVICE_Init
                0x0000000008007768       0x60 USB_DEVICE/App/usb_device.o
                0x0000000008007768                MX_USB_DEVICE_Init
 .text.USBD_FS_DeviceDescriptor
                0x00000000080077c8       0x24 USB_DEVICE/App/usbd_desc.o
                0x00000000080077c8                USBD_FS_DeviceDescriptor
 .text.USBD_FS_LangIDStrDescriptor
                0x00000000080077ec       0x24 USB_DEVICE/App/usbd_desc.o
                0x00000000080077ec                USBD_FS_LangIDStrDescriptor
 .text.USBD_FS_ProductStrDescriptor
                0x0000000008007810       0x3c USB_DEVICE/App/usbd_desc.o
                0x0000000008007810                USBD_FS_ProductStrDescriptor
 .text.USBD_FS_ManufacturerStrDescriptor
                0x000000000800784c       0x28 USB_DEVICE/App/usbd_desc.o
                0x000000000800784c                USBD_FS_ManufacturerStrDescriptor
 .text.USBD_FS_SerialStrDescriptor
                0x0000000008007874       0x24 USB_DEVICE/App/usbd_desc.o
                0x0000000008007874                USBD_FS_SerialStrDescriptor
 .text.USBD_FS_ConfigStrDescriptor
                0x0000000008007898       0x3c USB_DEVICE/App/usbd_desc.o
                0x0000000008007898                USBD_FS_ConfigStrDescriptor
 .text.USBD_FS_InterfaceStrDescriptor
                0x00000000080078d4       0x3c USB_DEVICE/App/usbd_desc.o
                0x00000000080078d4                USBD_FS_InterfaceStrDescriptor
 .text.Get_SerialNum
                0x0000000008007910       0x58 USB_DEVICE/App/usbd_desc.o
 .text.IntToUnicode
                0x0000000008007968       0x7a USB_DEVICE/App/usbd_desc.o
 *fill*         0x00000000080079e2        0x2 
 .text.MEM_If_Init_FS
                0x00000000080079e4       0x1c USB_DEVICE/App/usbd_dfu_if.o
 .text.MEM_If_DeInit_FS
                0x0000000008007a00        0xe USB_DEVICE/App/usbd_dfu_if.o
 .text.MEM_If_Erase_FS
                0x0000000008007a0e       0x38 USB_DEVICE/App/usbd_dfu_if.o
 .text.MEM_If_Write_FS
                0x0000000008007a46       0x68 USB_DEVICE/App/usbd_dfu_if.o
 .text.MEM_If_Read_FS
                0x0000000008007aae       0x44 USB_DEVICE/App/usbd_dfu_if.o
 .text.MEM_If_GetStatus_FS
                0x0000000008007af2       0x24 USB_DEVICE/App/usbd_dfu_if.o
 *fill*         0x0000000008007b16        0x2 
 .text.HAL_PCDEx_SetConnectionState
                0x0000000008007b18       0x3c USB_DEVICE/Target/usbd_conf.o
                0x0000000008007b18                HAL_PCDEx_SetConnectionState
 .text.HAL_PCD_MspInit
                0x0000000008007b54       0x4c USB_DEVICE/Target/usbd_conf.o
                0x0000000008007b54                HAL_PCD_MspInit
 .text.HAL_PCD_SetupStageCallback
                0x0000000008007ba0       0x24 USB_DEVICE/Target/usbd_conf.o
                0x0000000008007ba0                HAL_PCD_SetupStageCallback
 .text.HAL_PCD_DataOutStageCallback
                0x0000000008007bc4       0x36 USB_DEVICE/Target/usbd_conf.o
                0x0000000008007bc4                HAL_PCD_DataOutStageCallback
 .text.HAL_PCD_DataInStageCallback
                0x0000000008007bfa       0x34 USB_DEVICE/Target/usbd_conf.o
                0x0000000008007bfa                HAL_PCD_DataInStageCallback
 .text.HAL_PCD_SOFCallback
                0x0000000008007c2e       0x1c USB_DEVICE/Target/usbd_conf.o
                0x0000000008007c2e                HAL_PCD_SOFCallback
 .text.HAL_PCD_ResetCallback
                0x0000000008007c4a       0x3c USB_DEVICE/Target/usbd_conf.o
                0x0000000008007c4a                HAL_PCD_ResetCallback
 *fill*         0x0000000008007c86        0x2 
 .text.HAL_PCD_SuspendCallback
                0x0000000008007c88       0x34 USB_DEVICE/Target/usbd_conf.o
                0x0000000008007c88                HAL_PCD_SuspendCallback
 .text.HAL_PCD_ResumeCallback
                0x0000000008007cbc       0x1c USB_DEVICE/Target/usbd_conf.o
                0x0000000008007cbc                HAL_PCD_ResumeCallback
 .text.USBD_LL_Init
                0x0000000008007cd8       0x80 USB_DEVICE/Target/usbd_conf.o
                0x0000000008007cd8                USBD_LL_Init
 .text.USBD_LL_Start
                0x0000000008007d58       0x36 USB_DEVICE/Target/usbd_conf.o
                0x0000000008007d58                USBD_LL_Start
 .text.USBD_LL_Stop
                0x0000000008007d8e       0x36 USB_DEVICE/Target/usbd_conf.o
                0x0000000008007d8e                USBD_LL_Stop
 .text.USBD_LL_OpenEP
                0x0000000008007dc4       0x4c USB_DEVICE/Target/usbd_conf.o
                0x0000000008007dc4                USBD_LL_OpenEP
 .text.USBD_LL_StallEP
                0x0000000008007e10       0x3e USB_DEVICE/Target/usbd_conf.o
                0x0000000008007e10                USBD_LL_StallEP
 .text.USBD_LL_ClearStallEP
                0x0000000008007e4e       0x3e USB_DEVICE/Target/usbd_conf.o
                0x0000000008007e4e                USBD_LL_ClearStallEP
 .text.USBD_LL_IsStallEP
                0x0000000008007e8c       0x58 USB_DEVICE/Target/usbd_conf.o
                0x0000000008007e8c                USBD_LL_IsStallEP
 .text.USBD_LL_SetUSBAddress
                0x0000000008007ee4       0x3e USB_DEVICE/Target/usbd_conf.o
                0x0000000008007ee4                USBD_LL_SetUSBAddress
 .text.USBD_LL_Transmit
                0x0000000008007f22       0x46 USB_DEVICE/Target/usbd_conf.o
                0x0000000008007f22                USBD_LL_Transmit
 .text.USBD_LL_PrepareReceive
                0x0000000008007f68       0x46 USB_DEVICE/Target/usbd_conf.o
                0x0000000008007f68                USBD_LL_PrepareReceive
 *fill*         0x0000000008007fae        0x2 
 .text.USBD_static_malloc
                0x0000000008007fb0       0x18 USB_DEVICE/Target/usbd_conf.o
                0x0000000008007fb0                USBD_static_malloc
 .text.USBD_static_free
                0x0000000008007fc8       0x12 USB_DEVICE/Target/usbd_conf.o
                0x0000000008007fc8                USBD_static_free
 *fill*         0x0000000008007fda        0x2 
 .text.USBD_Get_USB_Status
                0x0000000008007fdc       0x58 USB_DEVICE/Target/usbd_conf.o
 .text.__errno  0x0000000008008034        0xc c:/st/stm32cubeide_1.3.0/stm32cubeide/plugins/com.st.stm32cube.ide.mcu.externaltools.gnu-tools-for-stm32.7-2018-q2-update.win32_1.5.0.202011040924/tools/bin/../lib/gcc/arm-none-eabi/7.3.1/../../../../arm-none-eabi/lib/thumb/v7-m\libc_nano.a(lib_a-errno.o)
                0x0000000008008034                __errno
 .text.__libc_init_array
                0x0000000008008040       0x48 c:/st/stm32cubeide_1.3.0/stm32cubeide/plugins/com.st.stm32cube.ide.mcu.externaltools.gnu-tools-for-stm32.7-2018-q2-update.win32_1.5.0.202011040924/tools/bin/../lib/gcc/arm-none-eabi/7.3.1/../../../../arm-none-eabi/lib/thumb/v7-m\libc_nano.a(lib_a-init.o)
                0x0000000008008040                __libc_init_array
 .text.memset   0x0000000008008088       0x10 c:/st/stm32cubeide_1.3.0/stm32cubeide/plugins/com.st.stm32cube.ide.mcu.externaltools.gnu-tools-for-stm32.7-2018-q2-update.win32_1.5.0.202011040924/tools/bin/../lib/gcc/arm-none-eabi/7.3.1/../../../../arm-none-eabi/lib/thumb/v7-m\libc_nano.a(lib_a-memset.o)
                0x0000000008008088                memset
 .text.sprintf  0x0000000008008098       0x40 c:/st/stm32cubeide_1.3.0/stm32cubeide/plugins/com.st.stm32cube.ide.mcu.externaltools.gnu-tools-for-stm32.7-2018-q2-update.win32_1.5.0.202011040924/tools/bin/../lib/gcc/arm-none-eabi/7.3.1/../../../../arm-none-eabi/lib/thumb/v7-m\libc_nano.a(lib_a-sprintf.o)
                0x0000000008008098                siprintf
                0x0000000008008098                sprintf
 .text.__ssputs_r
                0x00000000080080d8       0xb4 c:/st/stm32cubeide_1.3.0/stm32cubeide/plugins/com.st.stm32cube.ide.mcu.externaltools.gnu-tools-for-stm32.7-2018-q2-update.win32_1.5.0.202011040924/tools/bin/../lib/gcc/arm-none-eabi/7.3.1/../../../../arm-none-eabi/lib/thumb/v7-m\libc_nano.a(lib_a-nano-svfprintf.o)
                0x00000000080080d8                __ssputs_r
 .text._svfprintf_r
                0x000000000800818c      0x1f0 c:/st/stm32cubeide_1.3.0/stm32cubeide/plugins/com.st.stm32cube.ide.mcu.externaltools.gnu-tools-for-stm32.7-2018-q2-update.win32_1.5.0.202011040924/tools/bin/../lib/gcc/arm-none-eabi/7.3.1/../../../../arm-none-eabi/lib/thumb/v7-m\libc_nano.a(lib_a-nano-svfprintf.o)
                0x000000000800818c                _svfiprintf_r
                0x000000000800818c                _svfprintf_r
 .text._printf_common
                0x000000000800837c       0xec c:/st/stm32cubeide_1.3.0/stm32cubeide/plugins/com.st.stm32cube.ide.mcu.externaltools.gnu-tools-for-stm32.7-2018-q2-update.win32_1.5.0.202011040924/tools/bin/../lib/gcc/arm-none-eabi/7.3.1/../../../../arm-none-eabi/lib/thumb/v7-m\libc_nano.a(lib_a-nano-vfprintf_i.o)
                0x000000000800837c                _printf_common
 .text._printf_i
                0x0000000008008468      0x224 c:/st/stm32cubeide_1.3.0/stm32cubeide/plugins/com.st.stm32cube.ide.mcu.externaltools.gnu-tools-for-stm32.7-2018-q2-update.win32_1.5.0.202011040924/tools/bin/../lib/gcc/arm-none-eabi/7.3.1/../../../../arm-none-eabi/lib/thumb/v7-m\libc_nano.a(lib_a-nano-vfprintf_i.o)
                0x0000000008008468                _printf_i
 .text.memchr   0x000000000800868c       0x1c c:/st/stm32cubeide_1.3.0/stm32cubeide/plugins/com.st.stm32cube.ide.mcu.externaltools.gnu-tools-for-stm32.7-2018-q2-update.win32_1.5.0.202011040924/tools/bin/../lib/gcc/arm-none-eabi/7.3.1/../../../../arm-none-eabi/lib/thumb/v7-m\libc_nano.a(lib_a-memchr-stub.o)
                0x000000000800868c                memchr
 .text.memcpy   0x00000000080086a8       0x16 c:/st/stm32cubeide_1.3.0/stm32cubeide/plugins/com.st.stm32cube.ide.mcu.externaltools.gnu-tools-for-stm32.7-2018-q2-update.win32_1.5.0.202011040924/tools/bin/../lib/gcc/arm-none-eabi/7.3.1/../../../../arm-none-eabi/lib/thumb/v7-m\libc_nano.a(lib_a-memcpy-stub.o)
                0x00000000080086a8                memcpy
 .text.memmove  0x00000000080086be       0x32 c:/st/stm32cubeide_1.3.0/stm32cubeide/plugins/com.st.stm32cube.ide.mcu.externaltools.gnu-tools-for-stm32.7-2018-q2-update.win32_1.5.0.202011040924/tools/bin/../lib/gcc/arm-none-eabi/7.3.1/../../../../arm-none-eabi/lib/thumb/v7-m\libc_nano.a(lib_a-memmove.o)
                0x00000000080086be                memmove
 .text._free_r  0x00000000080086f0       0x98 c:/st/stm32cubeide_1.3.0/stm32cubeide/plugins/com.st.stm32cube.ide.mcu.externaltools.gnu-tools-for-stm32.7-2018-q2-update.win32_1.5.0.202011040924/tools/bin/../lib/gcc/arm-none-eabi/7.3.1/../../../../arm-none-eabi/lib/thumb/v7-m\libc_nano.a(lib_a-nano-freer.o)
                0x00000000080086f0                _free_r
 .text._malloc_r
                0x0000000008008788       0xb4 c:/st/stm32cubeide_1.3.0/stm32cubeide/plugins/com.st.stm32cube.ide.mcu.externaltools.gnu-tools-for-stm32.7-2018-q2-update.win32_1.5.0.202011040924/tools/bin/../lib/gcc/arm-none-eabi/7.3.1/../../../../arm-none-eabi/lib/thumb/v7-m\libc_nano.a(lib_a-nano-mallocr.o)
                0x0000000008008788                _malloc_r
 .text._realloc_r
                0x000000000800883c       0x4c c:/st/stm32cubeide_1.3.0/stm32cubeide/plugins/com.st.stm32cube.ide.mcu.externaltools.gnu-tools-for-stm32.7-2018-q2-update.win32_1.5.0.202011040924/tools/bin/../lib/gcc/arm-none-eabi/7.3.1/../../../../arm-none-eabi/lib/thumb/v7-m\libc_nano.a(lib_a-nano-reallocr.o)
                0x000000000800883c                _realloc_r
 .text._sbrk_r  0x0000000008008888       0x20 c:/st/stm32cubeide_1.3.0/stm32cubeide/plugins/com.st.stm32cube.ide.mcu.externaltools.gnu-tools-for-stm32.7-2018-q2-update.win32_1.5.0.202011040924/tools/bin/../lib/gcc/arm-none-eabi/7.3.1/../../../../arm-none-eabi/lib/thumb/v7-m\libc_nano.a(lib_a-sbrkr.o)
                0x0000000008008888                _sbrk_r
 .text.__malloc_lock
                0x00000000080088a8        0x2 c:/st/stm32cubeide_1.3.0/stm32cubeide/plugins/com.st.stm32cube.ide.mcu.externaltools.gnu-tools-for-stm32.7-2018-q2-update.win32_1.5.0.202011040924/tools/bin/../lib/gcc/arm-none-eabi/7.3.1/../../../../arm-none-eabi/lib/thumb/v7-m\libc_nano.a(lib_a-mlock.o)
                0x00000000080088a8                __malloc_lock
 .text.__malloc_unlock
                0x00000000080088aa        0x2 c:/st/stm32cubeide_1.3.0/stm32cubeide/plugins/com.st.stm32cube.ide.mcu.externaltools.gnu-tools-for-stm32.7-2018-q2-update.win32_1.5.0.202011040924/tools/bin/../lib/gcc/arm-none-eabi/7.3.1/../../../../arm-none-eabi/lib/thumb/v7-m\libc_nano.a(lib_a-mlock.o)
                0x00000000080088aa                __malloc_unlock
 .text._malloc_usable_size_r
                0x00000000080088ac       0x10 c:/st/stm32cubeide_1.3.0/stm32cubeide/plugins/com.st.stm32cube.ide.mcu.externaltools.gnu-tools-for-stm32.7-2018-q2-update.win32_1.5.0.202011040924/tools/bin/../lib/gcc/arm-none-eabi/7.3.1/../../../../arm-none-eabi/lib/thumb/v7-m\libc_nano.a(lib_a-nano-msizer.o)
                0x00000000080088ac                _malloc_usable_size_r
 *(.glue_7)
 .glue_7        0x00000000080088bc        0x0 linker stubs
 *(.glue_7t)
 .glue_7t       0x00000000080088bc        0x0 linker stubs
 *(.eh_frame)
 .eh_frame      0x00000000080088bc        0x0 c:/st/stm32cubeide_1.3.0/stm32cubeide/plugins/com.st.stm32cube.ide.mcu.externaltools.gnu-tools-for-stm32.7-2018-q2-update.win32_1.5.0.202011040924/tools/bin/../lib/gcc/arm-none-eabi/7.3.1/thumb/v7-m/crtbegin.o
 *(.init)
 .init          0x00000000080088bc        0x4 c:/st/stm32cubeide_1.3.0/stm32cubeide/plugins/com.st.stm32cube.ide.mcu.externaltools.gnu-tools-for-stm32.7-2018-q2-update.win32_1.5.0.202011040924/tools/bin/../lib/gcc/arm-none-eabi/7.3.1/thumb/v7-m/crti.o
                0x00000000080088bc                _init
 .init          0x00000000080088c0        0x8 c:/st/stm32cubeide_1.3.0/stm32cubeide/plugins/com.st.stm32cube.ide.mcu.externaltools.gnu-tools-for-stm32.7-2018-q2-update.win32_1.5.0.202011040924/tools/bin/../lib/gcc/arm-none-eabi/7.3.1/thumb/v7-m/crtn.o
 *(.fini)
 .fini          0x00000000080088c8        0x4 c:/st/stm32cubeide_1.3.0/stm32cubeide/plugins/com.st.stm32cube.ide.mcu.externaltools.gnu-tools-for-stm32.7-2018-q2-update.win32_1.5.0.202011040924/tools/bin/../lib/gcc/arm-none-eabi/7.3.1/thumb/v7-m/crti.o
                0x00000000080088c8                _fini
 .fini          0x00000000080088cc        0x8 c:/st/stm32cubeide_1.3.0/stm32cubeide/plugins/com.st.stm32cube.ide.mcu.externaltools.gnu-tools-for-stm32.7-2018-q2-update.win32_1.5.0.202011040924/tools/bin/../lib/gcc/arm-none-eabi/7.3.1/thumb/v7-m/crtn.o
                0x00000000080088d4                . = ALIGN (0x4)
                0x00000000080088d4                _etext = .

.vfp11_veneer   0x00000000080088d4        0x0
 .vfp11_veneer  0x00000000080088d4        0x0 linker stubs

.v4_bx          0x00000000080088d4        0x0
 .v4_bx         0x00000000080088d4        0x0 linker stubs

.iplt           0x00000000080088d4        0x0
 .iplt          0x00000000080088d4        0x0 c:/st/stm32cubeide_1.3.0/stm32cubeide/plugins/com.st.stm32cube.ide.mcu.externaltools.gnu-tools-for-stm32.7-2018-q2-update.win32_1.5.0.202011040924/tools/bin/../lib/gcc/arm-none-eabi/7.3.1/thumb/v7-m/crtbegin.o

.rodata         0x00000000080088d4      0x12c
                0x00000000080088d4                . = ALIGN (0x4)
 *(.rodata)
 .rodata        0x00000000080088d4       0x54 Core/Src/main.o
 .rodata        0x0000000008008928       0x4e USB_DEVICE/App/usbd_desc.o
 *fill*         0x0000000008008976        0x2 
 .rodata        0x0000000008008978       0x2f USB_DEVICE/App/usbd_dfu_if.o
 *(.rodata*)
 *fill*         0x00000000080089a7        0x1 
 .rodata.PLLMulTable
                0x00000000080089a8        0x9 Core/Src/system_stm32l1xx.o
                0x00000000080089a8                PLLMulTable
 *fill*         0x00000000080089b1        0x3 
 .rodata.AHBPrescTable
                0x00000000080089b4       0x10 Core/Src/system_stm32l1xx.o
                0x00000000080089b4                AHBPrescTable
 .rodata.APBPrescTable
                0x00000000080089c4        0x8 Core/Src/system_stm32l1xx.o
                0x00000000080089c4                APBPrescTable
 .rodata._svfprintf_r.str1.1
                0x00000000080089cc       0x11 c:/st/stm32cubeide_1.3.0/stm32cubeide/plugins/com.st.stm32cube.ide.mcu.externaltools.gnu-tools-for-stm32.7-2018-q2-update.win32_1.5.0.202011040924/tools/bin/../lib/gcc/arm-none-eabi/7.3.1/../../../../arm-none-eabi/lib/thumb/v7-m\libc_nano.a(lib_a-nano-svfprintf.o)
 .rodata._printf_i.str1.1
                0x00000000080089dd       0x22 c:/st/stm32cubeide_1.3.0/stm32cubeide/plugins/com.st.stm32cube.ide.mcu.externaltools.gnu-tools-for-stm32.7-2018-q2-update.win32_1.5.0.202011040924/tools/bin/../lib/gcc/arm-none-eabi/7.3.1/../../../../arm-none-eabi/lib/thumb/v7-m\libc_nano.a(lib_a-nano-vfprintf_i.o)
                0x0000000008008a00                . = ALIGN (0x4)
 *fill*         0x00000000080089ff        0x1 

.ARM.extab      0x0000000008008a00        0x0
                0x0000000008008a00                . = ALIGN (0x4)
 *(.ARM.extab* .gnu.linkonce.armextab.*)
                0x0000000008008a00                . = ALIGN (0x4)

.ARM            0x0000000008008a00        0x8
                0x0000000008008a00                . = ALIGN (0x4)
                0x0000000008008a00                __exidx_start = .
 *(.ARM.exidx*)
 .ARM.exidx     0x0000000008008a00        0x8 c:/st/stm32cubeide_1.3.0/stm32cubeide/plugins/com.st.stm32cube.ide.mcu.externaltools.gnu-tools-for-stm32.7-2018-q2-update.win32_1.5.0.202011040924/tools/bin/../lib/gcc/arm-none-eabi/7.3.1/thumb/v7-m\libgcc.a(_udivmoddi4.o)
                0x0000000008008a08                __exidx_end = .
                0x0000000008008a08                . = ALIGN (0x4)

.rel.dyn        0x0000000008008a08        0x0
 .rel.iplt      0x0000000008008a08        0x0 c:/st/stm32cubeide_1.3.0/stm32cubeide/plugins/com.st.stm32cube.ide.mcu.externaltools.gnu-tools-for-stm32.7-2018-q2-update.win32_1.5.0.202011040924/tools/bin/../lib/gcc/arm-none-eabi/7.3.1/thumb/v7-m/crtbegin.o

.preinit_array  0x0000000008008a08        0x0
                0x0000000008008a08                . = ALIGN (0x4)
                0x0000000008008a08                PROVIDE (__preinit_array_start = .)
 *(.preinit_array*)
                0x0000000008008a08                PROVIDE (__preinit_array_end = .)
                0x0000000008008a08                . = ALIGN (0x4)

.init_array     0x0000000008008a08        0x4
                0x0000000008008a08                . = ALIGN (0x4)
                0x0000000008008a08                PROVIDE (__init_array_start = .)
 *(SORT_BY_NAME(.init_array.*))
 *(.init_array*)
 .init_array    0x0000000008008a08        0x4 c:/st/stm32cubeide_1.3.0/stm32cubeide/plugins/com.st.stm32cube.ide.mcu.externaltools.gnu-tools-for-stm32.7-2018-q2-update.win32_1.5.0.202011040924/tools/bin/../lib/gcc/arm-none-eabi/7.3.1/thumb/v7-m/crtbegin.o
                0x0000000008008a0c                PROVIDE (__init_array_end = .)
                0x0000000008008a0c                . = ALIGN (0x4)

.fini_array     0x0000000008008a0c        0x4
                0x0000000008008a0c                . = ALIGN (0x4)
                [!provide]                        PROVIDE (__fini_array_start = .)
 *(SORT_BY_NAME(.fini_array.*))
 *(.fini_array*)
 .fini_array    0x0000000008008a0c        0x4 c:/st/stm32cubeide_1.3.0/stm32cubeide/plugins/com.st.stm32cube.ide.mcu.externaltools.gnu-tools-for-stm32.7-2018-q2-update.win32_1.5.0.202011040924/tools/bin/../lib/gcc/arm-none-eabi/7.3.1/thumb/v7-m/crtbegin.o
                [!provide]                        PROVIDE (__fini_array_end = .)
                0x0000000008008a10                . = ALIGN (0x4)
                0x0000000008008a10                _sidata = LOADADDR (.data)

.data           0x0000000020000000      0x140 load address 0x0000000008008a10
                0x0000000020000000                . = ALIGN (0x4)
                0x0000000020000000                _sdata = .
 *(.data)
 *(.data*)
 .data.SystemCoreClock
                0x0000000020000000        0x4 Core/Src/system_stm32l1xx.o
                0x0000000020000000                SystemCoreClock
 .data.uwTickPrio
                0x0000000020000004        0x4 Drivers/STM32L1xx_HAL_Driver/Src/stm32l1xx_hal.o
                0x0000000020000004                uwTickPrio
 .data.uwTickFreq
                0x0000000020000008        0x4 Drivers/STM32L1xx_HAL_Driver/Src/stm32l1xx_hal.o
                0x0000000020000008                uwTickFreq
 .data.USBD_DFU
                0x000000002000000c       0x3c Middlewares/ST/STM32_USB_Device_Library/Class/DFU/Src/usbd_dfu.o
                0x000000002000000c                USBD_DFU
 .data.USBD_DFU_CfgDesc
                0x0000000020000048       0x1b Middlewares/ST/STM32_USB_Device_Library/Class/DFU/Src/usbd_dfu.o
 *fill*         0x0000000020000063        0x1 
 .data.USBD_DFU_DeviceQualifierDesc
                0x0000000020000064        0xa Middlewares/ST/STM32_USB_Device_Library/Class/DFU/Src/usbd_dfu.o
 *fill*         0x000000002000006e        0x2 
 .data.FS_Desc  0x0000000020000070       0x1c USB_DEVICE/App/usbd_desc.o
                0x0000000020000070                FS_Desc
 .data.USBD_FS_DeviceDesc
                0x000000002000008c       0x12 USB_DEVICE/App/usbd_desc.o
                0x000000002000008c                USBD_FS_DeviceDesc
 *fill*         0x000000002000009e        0x2 
 .data.USBD_LangIDDesc
                0x00000000200000a0        0x4 USB_DEVICE/App/usbd_desc.o
                0x00000000200000a0                USBD_LangIDDesc
 .data.USBD_StringSerial
                0x00000000200000a4       0x1a USB_DEVICE/App/usbd_desc.o
                0x00000000200000a4                USBD_StringSerial
 *fill*         0x00000000200000be        0x2 
 .data.USBD_DFU_fops_FS
                0x00000000200000c0       0x1c USB_DEVICE/App/usbd_dfu_if.o
                0x00000000200000c0                USBD_DFU_fops_FS
 .data._impure_ptr
                0x00000000200000dc        0x4 c:/st/stm32cubeide_1.3.0/stm32cubeide/plugins/com.st.stm32cube.ide.mcu.externaltools.gnu-tools-for-stm32.7-2018-q2-update.win32_1.5.0.202011040924/tools/bin/../lib/gcc/arm-none-eabi/7.3.1/../../../../arm-none-eabi/lib/thumb/v7-m\libc_nano.a(lib_a-impure.o)
                0x00000000200000dc                _impure_ptr
 .data.impure_data
                0x00000000200000e0       0x60 c:/st/stm32cubeide_1.3.0/stm32cubeide/plugins/com.st.stm32cube.ide.mcu.externaltools.gnu-tools-for-stm32.7-2018-q2-update.win32_1.5.0.202011040924/tools/bin/../lib/gcc/arm-none-eabi/7.3.1/../../../../arm-none-eabi/lib/thumb/v7-m\libc_nano.a(lib_a-impure.o)
 *(.RamFunc)
 *(.RamFunc*)
                0x0000000020000140                . = ALIGN (0x4)
                0x0000000020000140                _edata = .

.igot.plt       0x0000000020000140        0x0 load address 0x0000000008008b50
 .igot.plt      0x0000000020000140        0x0 c:/st/stm32cubeide_1.3.0/stm32cubeide/plugins/com.st.stm32cube.ide.mcu.externaltools.gnu-tools-for-stm32.7-2018-q2-update.win32_1.5.0.202011040924/tools/bin/../lib/gcc/arm-none-eabi/7.3.1/thumb/v7-m/crtbegin.o
                0x0000000020000140                . = ALIGN (0x4)

.bss            0x0000000020000140      0xd30 load address 0x0000000008008b50
                0x0000000020000140                _sbss = .
                0x0000000020000140                __bss_start__ = _sbss
 *(.bss)
 .bss           0x0000000020000140       0x1c c:/st/stm32cubeide_1.3.0/stm32cubeide/plugins/com.st.stm32cube.ide.mcu.externaltools.gnu-tools-for-stm32.7-2018-q2-update.win32_1.5.0.202011040924/tools/bin/../lib/gcc/arm-none-eabi/7.3.1/thumb/v7-m/crtbegin.o
 *(.bss*)
 .bss.__sbrk_heap_end
                0x000000002000015c        0x4 Core/Src/sysmem.o
 .bss.USBD_StrDesc.7940
                0x0000000020000160       0xff Middlewares/ST/STM32_USB_Device_Library/Class/DFU/Src/usbd_dfu.o
 .bss.cfgidx.7872
                0x000000002000025f        0x1 Middlewares/ST/STM32_USB_Device_Library/Core/Src/usbd_ctlreq.o
 .bss.mem.7947  0x0000000020000260      0x420 USB_DEVICE/Target/usbd_conf.o
 .bss.__malloc_free_list
                0x0000000020000680        0x4 c:/st/stm32cubeide_1.3.0/stm32cubeide/plugins/com.st.stm32cube.ide.mcu.externaltools.gnu-tools-for-stm32.7-2018-q2-update.win32_1.5.0.202011040924/tools/bin/../lib/gcc/arm-none-eabi/7.3.1/../../../../arm-none-eabi/lib/thumb/v7-m\libc_nano.a(lib_a-nano-mallocr.o)
                0x0000000020000680                __malloc_free_list
 .bss.__malloc_sbrk_start
                0x0000000020000684        0x4 c:/st/stm32cubeide_1.3.0/stm32cubeide/plugins/com.st.stm32cube.ide.mcu.externaltools.gnu-tools-for-stm32.7-2018-q2-update.win32_1.5.0.202011040924/tools/bin/../lib/gcc/arm-none-eabi/7.3.1/../../../../arm-none-eabi/lib/thumb/v7-m\libc_nano.a(lib_a-nano-mallocr.o)
                0x0000000020000684                __malloc_sbrk_start
 *(COMMON)
 COMMON         0x0000000020000688       0x40 Core/Src/usart.o
                0x0000000020000688                huart2
 COMMON         0x00000000200006c8        0x4 Drivers/STM32L1xx_HAL_Driver/Src/stm32l1xx_hal.o
                0x00000000200006c8                uwTick
 COMMON         0x00000000200006cc       0x18 Drivers/STM32L1xx_HAL_Driver/Src/stm32l1xx_hal_flash.o
                0x00000000200006cc                pFlash
 COMMON         0x00000000200006e4      0x29c USB_DEVICE/App/usb_device.o
                0x00000000200006e4                hUsbDeviceFS
 COMMON         0x0000000020000980      0x200 USB_DEVICE/App/usbd_desc.o
                0x0000000020000980                USBD_StrDesc
 COMMON         0x0000000020000b80      0x2ec USB_DEVICE/Target/usbd_conf.o
                0x0000000020000b80                hpcd_USB_FS
 COMMON         0x0000000020000e6c        0x4 c:/st/stm32cubeide_1.3.0/stm32cubeide/plugins/com.st.stm32cube.ide.mcu.externaltools.gnu-tools-for-stm32.7-2018-q2-update.win32_1.5.0.202011040924/tools/bin/../lib/gcc/arm-none-eabi/7.3.1/../../../../arm-none-eabi/lib/thumb/v7-m\libc_nano.a(lib_a-reent.o)
                0x0000000020000e6c                errno
                0x0000000020000e70                . = ALIGN (0x4)
                0x0000000020000e70                _ebss = .
                0x0000000020000e70                __bss_end__ = _ebss

._user_heap_stack
                0x0000000020000e70      0x600 load address 0x0000000008008b50
                0x0000000020000e70                . = ALIGN (0x8)
                [!provide]                        PROVIDE (end = .)
                0x0000000020000e70                PROVIDE (_end = .)
                0x0000000020001070                . = (. + _Min_Heap_Size)
 *fill*         0x0000000020000e70      0x200 
                0x0000000020001470                . = (. + _Min_Stack_Size)
 *fill*         0x0000000020001070      0x400 
                0x0000000020001470                . = ALIGN (0x8)

/DISCARD/
 libc.a(*)
 libm.a(*)
 libgcc.a(*)

.ARM.attributes
                0x0000000000000000       0x29
 *(.ARM.attributes)
 .ARM.attributes
                0x0000000000000000       0x1d c:/st/stm32cubeide_1.3.0/stm32cubeide/plugins/com.st.stm32cube.ide.mcu.externaltools.gnu-tools-for-stm32.7-2018-q2-update.win32_1.5.0.202011040924/tools/bin/../lib/gcc/arm-none-eabi/7.3.1/thumb/v7-m/crti.o
 .ARM.attributes
                0x000000000000001d       0x2d c:/st/stm32cubeide_1.3.0/stm32cubeide/plugins/com.st.stm32cube.ide.mcu.externaltools.gnu-tools-for-stm32.7-2018-q2-update.win32_1.5.0.202011040924/tools/bin/../lib/gcc/arm-none-eabi/7.3.1/thumb/v7-m/crtbegin.o
 .ARM.attributes
                0x000000000000004a       0x33 Core/Src/gpio.o
 .ARM.attributes
                0x000000000000007d       0x33 Core/Src/main.o
 .ARM.attributes
                0x00000000000000b0       0x33 Core/Src/stm32l1xx_hal_msp.o
 .ARM.attributes
                0x00000000000000e3       0x33 Core/Src/stm32l1xx_it.o
 .ARM.attributes
                0x0000000000000116       0x33 Core/Src/sysmem.o
 .ARM.attributes
                0x0000000000000149       0x33 Core/Src/system_stm32l1xx.o
 .ARM.attributes
                0x000000000000017c       0x33 Core/Src/usart.o
 .ARM.attributes
                0x00000000000001af       0x21 Core/Startup/startup_stm32l152rbtx.o
 .ARM.attributes
                0x00000000000001d0       0x33 Drivers/STM32L1xx_HAL_Driver/Src/stm32l1xx_hal.o
 .ARM.attributes
                0x0000000000000203       0x33 Drivers/STM32L1xx_HAL_Driver/Src/stm32l1xx_hal_cortex.o
 .ARM.attributes
                0x0000000000000236       0x33 Drivers/STM32L1xx_HAL_Driver/Src/stm32l1xx_hal_dma.o
 .ARM.attributes
                0x0000000000000269       0x33 Drivers/STM32L1xx_HAL_Driver/Src/stm32l1xx_hal_flash.o
 .ARM.attributes
                0x000000000000029c       0x33 Drivers/STM32L1xx_HAL_Driver/Src/stm32l1xx_hal_flash_ex.o
 .ARM.attributes
                0x00000000000002cf       0x33 Drivers/STM32L1xx_HAL_Driver/Src/stm32l1xx_hal_gpio.o
 .ARM.attributes
                0x0000000000000302       0x33 Drivers/STM32L1xx_HAL_Driver/Src/stm32l1xx_hal_pcd.o
 .ARM.attributes
                0x0000000000000335       0x33 Drivers/STM32L1xx_HAL_Driver/Src/stm32l1xx_hal_pcd_ex.o
 .ARM.attributes
                0x0000000000000368       0x33 Drivers/STM32L1xx_HAL_Driver/Src/stm32l1xx_hal_rcc.o
 .ARM.attributes
                0x000000000000039b       0x33 Drivers/STM32L1xx_HAL_Driver/Src/stm32l1xx_hal_uart.o
 .ARM.attributes
                0x00000000000003ce       0x33 Drivers/STM32L1xx_HAL_Driver/Src/stm32l1xx_ll_usb.o
 .ARM.attributes
                0x0000000000000401       0x33 Middlewares/ST/STM32_USB_Device_Library/Class/DFU/Src/usbd_dfu.o
 .ARM.attributes
                0x0000000000000434       0x33 Middlewares/ST/STM32_USB_Device_Library/Core/Src/usbd_core.o
 .ARM.attributes
                0x0000000000000467       0x33 Middlewares/ST/STM32_USB_Device_Library/Core/Src/usbd_ctlreq.o
 .ARM.attributes
                0x000000000000049a       0x33 Middlewares/ST/STM32_USB_Device_Library/Core/Src/usbd_ioreq.o
 .ARM.attributes
                0x00000000000004cd       0x33 USB_DEVICE/App/usb_device.o
 .ARM.attributes
                0x0000000000000500       0x33 USB_DEVICE/App/usbd_desc.o
 .ARM.attributes
                0x0000000000000533       0x33 USB_DEVICE/App/usbd_dfu_if.o
 .ARM.attributes
                0x0000000000000566       0x33 USB_DEVICE/Target/usbd_conf.o
 .ARM.attributes
                0x0000000000000599       0x2d c:/st/stm32cubeide_1.3.0/stm32cubeide/plugins/com.st.stm32cube.ide.mcu.externaltools.gnu-tools-for-stm32.7-2018-q2-update.win32_1.5.0.202011040924/tools/bin/../lib/gcc/arm-none-eabi/7.3.1/../../../../arm-none-eabi/lib/thumb/v7-m\libc_nano.a(lib_a-errno.o)
 .ARM.attributes
                0x00000000000005c6       0x2d c:/st/stm32cubeide_1.3.0/stm32cubeide/plugins/com.st.stm32cube.ide.mcu.externaltools.gnu-tools-for-stm32.7-2018-q2-update.win32_1.5.0.202011040924/tools/bin/../lib/gcc/arm-none-eabi/7.3.1/../../../../arm-none-eabi/lib/thumb/v7-m\libc_nano.a(lib_a-impure.o)
 .ARM.attributes
                0x00000000000005f3       0x2d c:/st/stm32cubeide_1.3.0/stm32cubeide/plugins/com.st.stm32cube.ide.mcu.externaltools.gnu-tools-for-stm32.7-2018-q2-update.win32_1.5.0.202011040924/tools/bin/../lib/gcc/arm-none-eabi/7.3.1/../../../../arm-none-eabi/lib/thumb/v7-m\libc_nano.a(lib_a-init.o)
 .ARM.attributes
                0x0000000000000620       0x2d c:/st/stm32cubeide_1.3.0/stm32cubeide/plugins/com.st.stm32cube.ide.mcu.externaltools.gnu-tools-for-stm32.7-2018-q2-update.win32_1.5.0.202011040924/tools/bin/../lib/gcc/arm-none-eabi/7.3.1/../../../../arm-none-eabi/lib/thumb/v7-m\libc_nano.a(lib_a-memset.o)
 .ARM.attributes
                0x000000000000064d       0x2d c:/st/stm32cubeide_1.3.0/stm32cubeide/plugins/com.st.stm32cube.ide.mcu.externaltools.gnu-tools-for-stm32.7-2018-q2-update.win32_1.5.0.202011040924/tools/bin/../lib/gcc/arm-none-eabi/7.3.1/../../../../arm-none-eabi/lib/thumb/v7-m\libc_nano.a(lib_a-sprintf.o)
 .ARM.attributes
                0x000000000000067a       0x17 c:/st/stm32cubeide_1.3.0/stm32cubeide/plugins/com.st.stm32cube.ide.mcu.externaltools.gnu-tools-for-stm32.7-2018-q2-update.win32_1.5.0.202011040924/tools/bin/../lib/gcc/arm-none-eabi/7.3.1/../../../../arm-none-eabi/lib/thumb/v7-m\libc_nano.a(lib_a-strlen.o)
 .ARM.attributes
                0x0000000000000691       0x2d c:/st/stm32cubeide_1.3.0/stm32cubeide/plugins/com.st.stm32cube.ide.mcu.externaltools.gnu-tools-for-stm32.7-2018-q2-update.win32_1.5.0.202011040924/tools/bin/../lib/gcc/arm-none-eabi/7.3.1/../../../../arm-none-eabi/lib/thumb/v7-m\libc_nano.a(lib_a-nano-svfprintf.o)
 .ARM.attributes
                0x00000000000006be       0x2d c:/st/stm32cubeide_1.3.0/stm32cubeide/plugins/com.st.stm32cube.ide.mcu.externaltools.gnu-tools-for-stm32.7-2018-q2-update.win32_1.5.0.202011040924/tools/bin/../lib/gcc/arm-none-eabi/7.3.1/../../../../arm-none-eabi/lib/thumb/v7-m\libc_nano.a(lib_a-nano-vfprintf_i.o)
 .ARM.attributes
                0x00000000000006eb       0x2d c:/st/stm32cubeide_1.3.0/stm32cubeide/plugins/com.st.stm32cube.ide.mcu.externaltools.gnu-tools-for-stm32.7-2018-q2-update.win32_1.5.0.202011040924/tools/bin/../lib/gcc/arm-none-eabi/7.3.1/../../../../arm-none-eabi/lib/thumb/v7-m\libc_nano.a(lib_a-memchr-stub.o)
 .ARM.attributes
                0x0000000000000718       0x2d c:/st/stm32cubeide_1.3.0/stm32cubeide/plugins/com.st.stm32cube.ide.mcu.externaltools.gnu-tools-for-stm32.7-2018-q2-update.win32_1.5.0.202011040924/tools/bin/../lib/gcc/arm-none-eabi/7.3.1/../../../../arm-none-eabi/lib/thumb/v7-m\libc_nano.a(lib_a-memcpy-stub.o)
 .ARM.attributes
                0x0000000000000745       0x2d c:/st/stm32cubeide_1.3.0/stm32cubeide/plugins/com.st.stm32cube.ide.mcu.externaltools.gnu-tools-for-stm32.7-2018-q2-update.win32_1.5.0.202011040924/tools/bin/../lib/gcc/arm-none-eabi/7.3.1/../../../../arm-none-eabi/lib/thumb/v7-m\libc_nano.a(lib_a-memmove.o)
 .ARM.attributes
                0x0000000000000772       0x2d c:/st/stm32cubeide_1.3.0/stm32cubeide/plugins/com.st.stm32cube.ide.mcu.externaltools.gnu-tools-for-stm32.7-2018-q2-update.win32_1.5.0.202011040924/tools/bin/../lib/gcc/arm-none-eabi/7.3.1/../../../../arm-none-eabi/lib/thumb/v7-m\libc_nano.a(lib_a-nano-freer.o)
 .ARM.attributes
                0x000000000000079f       0x2d c:/st/stm32cubeide_1.3.0/stm32cubeide/plugins/com.st.stm32cube.ide.mcu.externaltools.gnu-tools-for-stm32.7-2018-q2-update.win32_1.5.0.202011040924/tools/bin/../lib/gcc/arm-none-eabi/7.3.1/../../../../arm-none-eabi/lib/thumb/v7-m\libc_nano.a(lib_a-nano-mallocr.o)
 .ARM.attributes
                0x00000000000007cc       0x2d c:/st/stm32cubeide_1.3.0/stm32cubeide/plugins/com.st.stm32cube.ide.mcu.externaltools.gnu-tools-for-stm32.7-2018-q2-update.win32_1.5.0.202011040924/tools/bin/../lib/gcc/arm-none-eabi/7.3.1/../../../../arm-none-eabi/lib/thumb/v7-m\libc_nano.a(lib_a-nano-reallocr.o)
 .ARM.attributes
                0x00000000000007f9       0x2d c:/st/stm32cubeide_1.3.0/stm32cubeide/plugins/com.st.stm32cube.ide.mcu.externaltools.gnu-tools-for-stm32.7-2018-q2-update.win32_1.5.0.202011040924/tools/bin/../lib/gcc/arm-none-eabi/7.3.1/../../../../arm-none-eabi/lib/thumb/v7-m\libc_nano.a(lib_a-sbrkr.o)
 .ARM.attributes
                0x0000000000000826       0x2d c:/st/stm32cubeide_1.3.0/stm32cubeide/plugins/com.st.stm32cube.ide.mcu.externaltools.gnu-tools-for-stm32.7-2018-q2-update.win32_1.5.0.202011040924/tools/bin/../lib/gcc/arm-none-eabi/7.3.1/../../../../arm-none-eabi/lib/thumb/v7-m\libc_nano.a(lib_a-mlock.o)
 .ARM.attributes
                0x0000000000000853       0x2d c:/st/stm32cubeide_1.3.0/stm32cubeide/plugins/com.st.stm32cube.ide.mcu.externaltools.gnu-tools-for-stm32.7-2018-q2-update.win32_1.5.0.202011040924/tools/bin/../lib/gcc/arm-none-eabi/7.3.1/../../../../arm-none-eabi/lib/thumb/v7-m\libc_nano.a(lib_a-nano-msizer.o)
 .ARM.attributes
                0x0000000000000880       0x2d c:/st/stm32cubeide_1.3.0/stm32cubeide/plugins/com.st.stm32cube.ide.mcu.externaltools.gnu-tools-for-stm32.7-2018-q2-update.win32_1.5.0.202011040924/tools/bin/../lib/gcc/arm-none-eabi/7.3.1/../../../../arm-none-eabi/lib/thumb/v7-m\libc_nano.a(lib_a-reent.o)
 .ARM.attributes
                0x00000000000008ad       0x1d c:/st/stm32cubeide_1.3.0/stm32cubeide/plugins/com.st.stm32cube.ide.mcu.externaltools.gnu-tools-for-stm32.7-2018-q2-update.win32_1.5.0.202011040924/tools/bin/../lib/gcc/arm-none-eabi/7.3.1/thumb/v7-m\libgcc.a(_aeabi_uldivmod.o)
 .ARM.attributes
                0x00000000000008ca       0x2d c:/st/stm32cubeide_1.3.0/stm32cubeide/plugins/com.st.stm32cube.ide.mcu.externaltools.gnu-tools-for-stm32.7-2018-q2-update.win32_1.5.0.202011040924/tools/bin/../lib/gcc/arm-none-eabi/7.3.1/thumb/v7-m\libgcc.a(_udivmoddi4.o)
 .ARM.attributes
                0x00000000000008f7       0x1d c:/st/stm32cubeide_1.3.0/stm32cubeide/plugins/com.st.stm32cube.ide.mcu.externaltools.gnu-tools-for-stm32.7-2018-q2-update.win32_1.5.0.202011040924/tools/bin/../lib/gcc/arm-none-eabi/7.3.1/thumb/v7-m\libgcc.a(_dvmd_tls.o)
 .ARM.attributes
                0x0000000000000914       0x1d c:/st/stm32cubeide_1.3.0/stm32cubeide/plugins/com.st.stm32cube.ide.mcu.externaltools.gnu-tools-for-stm32.7-2018-q2-update.win32_1.5.0.202011040924/tools/bin/../lib/gcc/arm-none-eabi/7.3.1/thumb/v7-m/crtn.o
OUTPUT(L152RBxT_DFU.elf elf32-littlearm)

.debug_info     0x0000000000000000    0x14cda
 .debug_info    0x0000000000000000      0x3a4 Core/Src/gpio.o
 .debug_info    0x00000000000003a4     0x10cf Core/Src/main.o
 .debug_info    0x0000000000001473      0x290 Core/Src/stm32l1xx_hal_msp.o
 .debug_info    0x0000000000001703      0xa73 Core/Src/stm32l1xx_it.o
 .debug_info    0x0000000000002176      0x985 Core/Src/sysmem.o
 .debug_info    0x0000000000002afb      0x473 Core/Src/system_stm32l1xx.o
 .debug_info    0x0000000000002f6e      0x963 Core/Src/usart.o
 .debug_info    0x00000000000038d1       0x22 Core/Startup/startup_stm32l152rbtx.o
 .debug_info    0x00000000000038f3      0x6ef Drivers/STM32L1xx_HAL_Driver/Src/stm32l1xx_hal.o
 .debug_info    0x0000000000003fe2      0xd48 Drivers/STM32L1xx_HAL_Driver/Src/stm32l1xx_hal_cortex.o
 .debug_info    0x0000000000004d2a      0x791 Drivers/STM32L1xx_HAL_Driver/Src/stm32l1xx_hal_dma.o
 .debug_info    0x00000000000054bb      0x4da Drivers/STM32L1xx_HAL_Driver/Src/stm32l1xx_hal_flash.o
 .debug_info    0x0000000000005995      0xa8b Drivers/STM32L1xx_HAL_Driver/Src/stm32l1xx_hal_flash_ex.o
 .debug_info    0x0000000000006420      0x69f Drivers/STM32L1xx_HAL_Driver/Src/stm32l1xx_hal_gpio.o
 .debug_info    0x0000000000006abf     0x11d2 Drivers/STM32L1xx_HAL_Driver/Src/stm32l1xx_hal_pcd.o
 .debug_info    0x0000000000007c91      0x76a Drivers/STM32L1xx_HAL_Driver/Src/stm32l1xx_hal_pcd_ex.o
 .debug_info    0x00000000000083fb      0x8fe Drivers/STM32L1xx_HAL_Driver/Src/stm32l1xx_hal_rcc.o
 .debug_info    0x0000000000008cf9     0x11dd Drivers/STM32L1xx_HAL_Driver/Src/stm32l1xx_hal_uart.o
 .debug_info    0x0000000000009ed6     0x188a Drivers/STM32L1xx_HAL_Driver/Src/stm32l1xx_ll_usb.o
 .debug_info    0x000000000000b760     0x1798 Middlewares/ST/STM32_USB_Device_Library/Class/DFU/Src/usbd_dfu.o
 .debug_info    0x000000000000cef8     0x11ef Middlewares/ST/STM32_USB_Device_Library/Core/Src/usbd_core.o
 .debug_info    0x000000000000e0e7     0x1150 Middlewares/ST/STM32_USB_Device_Library/Core/Src/usbd_ctlreq.o
 .debug_info    0x000000000000f237      0xf50 Middlewares/ST/STM32_USB_Device_Library/Core/Src/usbd_ioreq.o
 .debug_info    0x0000000000010187      0xedb USB_DEVICE/App/usb_device.o
 .debug_info    0x0000000000011062      0xd09 USB_DEVICE/App/usbd_desc.o
 .debug_info    0x0000000000011d6b     0x1112 USB_DEVICE/App/usbd_dfu_if.o
 .debug_info    0x0000000000012e7d     0x1e5d USB_DEVICE/Target/usbd_conf.o

.debug_abbrev   0x0000000000000000     0x357c
 .debug_abbrev  0x0000000000000000      0x11a Core/Src/gpio.o
 .debug_abbrev  0x000000000000011a      0x24c Core/Src/main.o
 .debug_abbrev  0x0000000000000366       0xef Core/Src/stm32l1xx_hal_msp.o
 .debug_abbrev  0x0000000000000455      0x174 Core/Src/stm32l1xx_it.o
 .debug_abbrev  0x00000000000005c9      0x19b Core/Src/sysmem.o
 .debug_abbrev  0x0000000000000764      0x111 Core/Src/system_stm32l1xx.o
 .debug_abbrev  0x0000000000000875      0x1a2 Core/Src/usart.o
 .debug_abbrev  0x0000000000000a17       0x12 Core/Startup/startup_stm32l152rbtx.o
 .debug_abbrev  0x0000000000000a29      0x21b Drivers/STM32L1xx_HAL_Driver/Src/stm32l1xx_hal.o
 .debug_abbrev  0x0000000000000c44      0x2fa Drivers/STM32L1xx_HAL_Driver/Src/stm32l1xx_hal_cortex.o
 .debug_abbrev  0x0000000000000f3e      0x1e8 Drivers/STM32L1xx_HAL_Driver/Src/stm32l1xx_hal_dma.o
 .debug_abbrev  0x0000000000001126      0x209 Drivers/STM32L1xx_HAL_Driver/Src/stm32l1xx_hal_flash.o
 .debug_abbrev  0x000000000000132f      0x249 Drivers/STM32L1xx_HAL_Driver/Src/stm32l1xx_hal_flash_ex.o
 .debug_abbrev  0x0000000000001578      0x1c9 Drivers/STM32L1xx_HAL_Driver/Src/stm32l1xx_hal_gpio.o
 .debug_abbrev  0x0000000000001741      0x282 Drivers/STM32L1xx_HAL_Driver/Src/stm32l1xx_hal_pcd.o
 .debug_abbrev  0x00000000000019c3      0x188 Drivers/STM32L1xx_HAL_Driver/Src/stm32l1xx_hal_pcd_ex.o
 .debug_abbrev  0x0000000000001b4b      0x238 Drivers/STM32L1xx_HAL_Driver/Src/stm32l1xx_hal_rcc.o
 .debug_abbrev  0x0000000000001d83      0x251 Drivers/STM32L1xx_HAL_Driver/Src/stm32l1xx_hal_uart.o
 .debug_abbrev  0x0000000000001fd4      0x231 Drivers/STM32L1xx_HAL_Driver/Src/stm32l1xx_ll_usb.o
 .debug_abbrev  0x0000000000002205      0x2e6 Middlewares/ST/STM32_USB_Device_Library/Class/DFU/Src/usbd_dfu.o
 .debug_abbrev  0x00000000000024eb      0x270 Middlewares/ST/STM32_USB_Device_Library/Core/Src/usbd_core.o
 .debug_abbrev  0x000000000000275b      0x2a0 Middlewares/ST/STM32_USB_Device_Library/Core/Src/usbd_ctlreq.o
 .debug_abbrev  0x00000000000029fb      0x1e0 Middlewares/ST/STM32_USB_Device_Library/Core/Src/usbd_ioreq.o
 .debug_abbrev  0x0000000000002bdb      0x1be USB_DEVICE/App/usb_device.o
 .debug_abbrev  0x0000000000002d99      0x290 USB_DEVICE/App/usbd_desc.o
 .debug_abbrev  0x0000000000003029      0x26f USB_DEVICE/App/usbd_dfu_if.o
 .debug_abbrev  0x0000000000003298      0x2e4 USB_DEVICE/Target/usbd_conf.o

.debug_aranges  0x0000000000000000      0xec8
 .debug_aranges
                0x0000000000000000       0x20 Core/Src/gpio.o
 .debug_aranges
                0x0000000000000020       0x30 Core/Src/main.o
 .debug_aranges
                0x0000000000000050       0x20 Core/Src/stm32l1xx_hal_msp.o
 .debug_aranges
                0x0000000000000070       0x70 Core/Src/stm32l1xx_it.o
 .debug_aranges
                0x00000000000000e0       0x20 Core/Src/sysmem.o
 .debug_aranges
                0x0000000000000100       0x28 Core/Src/system_stm32l1xx.o
 .debug_aranges
                0x0000000000000128       0x30 Core/Src/usart.o
 .debug_aranges
                0x0000000000000158       0x28 Core/Startup/startup_stm32l152rbtx.o
 .debug_aranges
                0x0000000000000180       0xe0 Drivers/STM32L1xx_HAL_Driver/Src/stm32l1xx_hal.o
 .debug_aranges
                0x0000000000000260      0x118 Drivers/STM32L1xx_HAL_Driver/Src/stm32l1xx_hal_cortex.o
 .debug_aranges
                0x0000000000000378       0x80 Drivers/STM32L1xx_HAL_Driver/Src/stm32l1xx_hal_dma.o
 .debug_aranges
                0x00000000000003f8       0x80 Drivers/STM32L1xx_HAL_Driver/Src/stm32l1xx_hal_flash.o
 .debug_aranges
                0x0000000000000478       0xe0 Drivers/STM32L1xx_HAL_Driver/Src/stm32l1xx_hal_flash_ex.o
 .debug_aranges
                0x0000000000000558       0x58 Drivers/STM32L1xx_HAL_Driver/Src/stm32l1xx_hal_gpio.o
 .debug_aranges
                0x00000000000005b0      0x138 Drivers/STM32L1xx_HAL_Driver/Src/stm32l1xx_hal_pcd.o
 .debug_aranges
                0x00000000000006e8       0x38 Drivers/STM32L1xx_HAL_Driver/Src/stm32l1xx_hal_pcd_ex.o
 .debug_aranges
                0x0000000000000720       0x90 Drivers/STM32L1xx_HAL_Driver/Src/stm32l1xx_hal_rcc.o
 .debug_aranges
                0x00000000000007b0      0x1d0 Drivers/STM32L1xx_HAL_Driver/Src/stm32l1xx_hal_uart.o
 .debug_aranges
                0x0000000000000980      0x108 Drivers/STM32L1xx_HAL_Driver/Src/stm32l1xx_ll_usb.o
 .debug_aranges
                0x0000000000000a88       0xd0 Middlewares/ST/STM32_USB_Device_Library/Class/DFU/Src/usbd_dfu.o
 .debug_aranges
                0x0000000000000b58       0xb8 Middlewares/ST/STM32_USB_Device_Library/Core/Src/usbd_core.o
 .debug_aranges
                0x0000000000000c10       0x88 Middlewares/ST/STM32_USB_Device_Library/Core/Src/usbd_ctlreq.o
 .debug_aranges
                0x0000000000000c98       0x50 Middlewares/ST/STM32_USB_Device_Library/Core/Src/usbd_ioreq.o
 .debug_aranges
                0x0000000000000ce8       0x20 USB_DEVICE/App/usb_device.o
 .debug_aranges
                0x0000000000000d08       0x60 USB_DEVICE/App/usbd_desc.o
 .debug_aranges
                0x0000000000000d68       0x48 USB_DEVICE/App/usbd_dfu_if.o
 .debug_aranges
                0x0000000000000db0      0x118 USB_DEVICE/Target/usbd_conf.o

.debug_ranges   0x0000000000000000      0xd20
 .debug_ranges  0x0000000000000000       0x10 Core/Src/gpio.o
 .debug_ranges  0x0000000000000010       0x20 Core/Src/main.o
 .debug_ranges  0x0000000000000030       0x10 Core/Src/stm32l1xx_hal_msp.o
 .debug_ranges  0x0000000000000040       0x60 Core/Src/stm32l1xx_it.o
 .debug_ranges  0x00000000000000a0       0x10 Core/Src/sysmem.o
 .debug_ranges  0x00000000000000b0       0x18 Core/Src/system_stm32l1xx.o
 .debug_ranges  0x00000000000000c8       0x20 Core/Src/usart.o
 .debug_ranges  0x00000000000000e8       0x20 Core/Startup/startup_stm32l152rbtx.o
 .debug_ranges  0x0000000000000108       0xd0 Drivers/STM32L1xx_HAL_Driver/Src/stm32l1xx_hal.o
 .debug_ranges  0x00000000000001d8      0x108 Drivers/STM32L1xx_HAL_Driver/Src/stm32l1xx_hal_cortex.o
 .debug_ranges  0x00000000000002e0       0x70 Drivers/STM32L1xx_HAL_Driver/Src/stm32l1xx_hal_dma.o
 .debug_ranges  0x0000000000000350       0x70 Drivers/STM32L1xx_HAL_Driver/Src/stm32l1xx_hal_flash.o
 .debug_ranges  0x00000000000003c0       0xd0 Drivers/STM32L1xx_HAL_Driver/Src/stm32l1xx_hal_flash_ex.o
 .debug_ranges  0x0000000000000490       0x48 Drivers/STM32L1xx_HAL_Driver/Src/stm32l1xx_hal_gpio.o
 .debug_ranges  0x00000000000004d8      0x128 Drivers/STM32L1xx_HAL_Driver/Src/stm32l1xx_hal_pcd.o
 .debug_ranges  0x0000000000000600       0x28 Drivers/STM32L1xx_HAL_Driver/Src/stm32l1xx_hal_pcd_ex.o
 .debug_ranges  0x0000000000000628       0x80 Drivers/STM32L1xx_HAL_Driver/Src/stm32l1xx_hal_rcc.o
 .debug_ranges  0x00000000000006a8      0x1c0 Drivers/STM32L1xx_HAL_Driver/Src/stm32l1xx_hal_uart.o
 .debug_ranges  0x0000000000000868       0xf8 Drivers/STM32L1xx_HAL_Driver/Src/stm32l1xx_ll_usb.o
 .debug_ranges  0x0000000000000960       0xc0 Middlewares/ST/STM32_USB_Device_Library/Class/DFU/Src/usbd_dfu.o
 .debug_ranges  0x0000000000000a20       0xa8 Middlewares/ST/STM32_USB_Device_Library/Core/Src/usbd_core.o
 .debug_ranges  0x0000000000000ac8       0x78 Middlewares/ST/STM32_USB_Device_Library/Core/Src/usbd_ctlreq.o
 .debug_ranges  0x0000000000000b40       0x40 Middlewares/ST/STM32_USB_Device_Library/Core/Src/usbd_ioreq.o
 .debug_ranges  0x0000000000000b80       0x10 USB_DEVICE/App/usb_device.o
 .debug_ranges  0x0000000000000b90       0x50 USB_DEVICE/App/usbd_desc.o
 .debug_ranges  0x0000000000000be0       0x38 USB_DEVICE/App/usbd_dfu_if.o
 .debug_ranges  0x0000000000000c18      0x108 USB_DEVICE/Target/usbd_conf.o

.debug_macro    0x0000000000000000    0x16ed5
 .debug_macro   0x0000000000000000      0x1d8 Core/Src/gpio.o
 .debug_macro   0x00000000000001d8      0xa5a Core/Src/gpio.o
 .debug_macro   0x0000000000000c32      0x112 Core/Src/gpio.o
 .debug_macro   0x0000000000000d44       0x2e Core/Src/gpio.o
 .debug_macro   0x0000000000000d72       0x22 Core/Src/gpio.o
 .debug_macro   0x0000000000000d94       0x22 Core/Src/gpio.o
 .debug_macro   0x0000000000000db6       0x8e Core/Src/gpio.o
 .debug_macro   0x0000000000000e44       0x51 Core/Src/gpio.o
 .debug_macro   0x0000000000000e95       0xef Core/Src/gpio.o
 .debug_macro   0x0000000000000f84       0x6a Core/Src/gpio.o
 .debug_macro   0x0000000000000fee      0x1df Core/Src/gpio.o
 .debug_macro   0x00000000000011cd       0x1c Core/Src/gpio.o
 .debug_macro   0x00000000000011e9       0x22 Core/Src/gpio.o
 .debug_macro   0x000000000000120b       0xc3 Core/Src/gpio.o
 .debug_macro   0x00000000000012ce      0xe49 Core/Src/gpio.o
 .debug_macro   0x0000000000002117      0x11f Core/Src/gpio.o
 .debug_macro   0x0000000000002236     0x9cc0 Core/Src/gpio.o
 .debug_macro   0x000000000000bef6       0x43 Core/Src/gpio.o
 .debug_macro   0x000000000000bf39     0x34a0 Core/Src/gpio.o
 .debug_macro   0x000000000000f3d9      0x174 Core/Src/gpio.o
 .debug_macro   0x000000000000f54d       0x5b Core/Src/gpio.o
 .debug_macro   0x000000000000f5a8      0xe38 Core/Src/gpio.o
 .debug_macro   0x00000000000103e0       0xbd Core/Src/gpio.o
 .debug_macro   0x000000000001049d      0x13b Core/Src/gpio.o
 .debug_macro   0x00000000000105d8       0xad Core/Src/gpio.o
 .debug_macro   0x0000000000010685      0x21e Core/Src/gpio.o
 .debug_macro   0x00000000000108a3      0x236 Core/Src/gpio.o
 .debug_macro   0x0000000000010ad9      0x107 Core/Src/gpio.o
 .debug_macro   0x0000000000010be0      0x281 Core/Src/gpio.o
 .debug_macro   0x0000000000010e61      0x1e9 Core/Src/gpio.o
 .debug_macro   0x000000000001104a       0x22 Core/Src/gpio.o
 .debug_macro   0x000000000001106c      0x287 Core/Src/gpio.o
 .debug_macro   0x00000000000112f3       0x65 Core/Src/gpio.o
 .debug_macro   0x0000000000011358      0x249 Core/Src/gpio.o
 .debug_macro   0x00000000000115a1      0x15c Core/Src/gpio.o
 .debug_macro   0x00000000000116fd      0x3ce Core/Src/gpio.o
 .debug_macro   0x0000000000011acb       0x10 Core/Src/gpio.o
 .debug_macro   0x0000000000011adb      0x3d1 Core/Src/main.o
 .debug_macro   0x0000000000011eac       0x46 Core/Src/main.o
 .debug_macro   0x0000000000011ef2       0x18 Core/Src/main.o
 .debug_macro   0x0000000000011f0a       0x3c Core/Src/main.o
 .debug_macro   0x0000000000011f46       0x34 Core/Src/main.o
 .debug_macro   0x0000000000011f7a       0x16 Core/Src/main.o
 .debug_macro   0x0000000000011f90       0x35 Core/Src/main.o
 .debug_macro   0x0000000000011fc5      0x32a Core/Src/main.o
 .debug_macro   0x00000000000122ef       0x10 Core/Src/main.o
 .debug_macro   0x00000000000122ff       0x52 Core/Src/main.o
 .debug_macro   0x0000000000012351       0x1f Core/Src/main.o
 .debug_macro   0x0000000000012370       0x43 Core/Src/main.o
 .debug_macro   0x00000000000123b3       0x20 Core/Src/main.o
 .debug_macro   0x00000000000123d3      0x1a3 Core/Src/main.o
 .debug_macro   0x0000000000012576       0x10 Core/Src/main.o
 .debug_macro   0x0000000000012586       0x1c Core/Src/main.o
 .debug_macro   0x00000000000125a2       0x52 Core/Src/main.o
 .debug_macro   0x00000000000125f4       0x40 Core/Src/main.o
 .debug_macro   0x0000000000012634       0x10 Core/Src/main.o
 .debug_macro   0x0000000000012644       0x40 Core/Src/main.o
 .debug_macro   0x0000000000012684       0xd7 Core/Src/main.o
 .debug_macro   0x000000000001275b       0x1c Core/Src/main.o
 .debug_macro   0x0000000000012777       0x3d Core/Src/main.o
 .debug_macro   0x00000000000127b4       0x16 Core/Src/main.o
 .debug_macro   0x00000000000127ca      0x145 Core/Src/main.o
 .debug_macro   0x000000000001290f       0x16 Core/Src/main.o
 .debug_macro   0x0000000000012925       0x16 Core/Src/main.o
 .debug_macro   0x000000000001293b       0x29 Core/Src/main.o
 .debug_macro   0x0000000000012964       0x16 Core/Src/main.o
 .debug_macro   0x000000000001297a       0x20 Core/Src/main.o
 .debug_macro   0x000000000001299a       0x72 Core/Src/main.o
 .debug_macro   0x0000000000012a0c      0x1d0 Core/Src/main.o
 .debug_macro   0x0000000000012bdc       0x10 Core/Src/main.o
 .debug_macro   0x0000000000012bec      0x1ce Core/Src/stm32l1xx_hal_msp.o
 .debug_macro   0x0000000000012dba      0x1d8 Core/Src/stm32l1xx_it.o
 .debug_macro   0x0000000000012f92       0xee Core/Src/sysmem.o
 .debug_macro   0x0000000000013080      0x23b Core/Src/sysmem.o
 .debug_macro   0x00000000000132bb      0x1c5 Core/Src/system_stm32l1xx.o
 .debug_macro   0x0000000000013480      0x1d8 Core/Src/usart.o
 .debug_macro   0x0000000000013658      0x1e3 Drivers/STM32L1xx_HAL_Driver/Src/stm32l1xx_hal.o
 .debug_macro   0x000000000001383b      0x1bf Drivers/STM32L1xx_HAL_Driver/Src/stm32l1xx_hal_cortex.o
 .debug_macro   0x00000000000139fa      0x1bf Drivers/STM32L1xx_HAL_Driver/Src/stm32l1xx_hal_dma.o
 .debug_macro   0x0000000000013bb9      0x1c0 Drivers/STM32L1xx_HAL_Driver/Src/stm32l1xx_hal_flash.o
 .debug_macro   0x0000000000013d79      0x1bf Drivers/STM32L1xx_HAL_Driver/Src/stm32l1xx_hal_flash_ex.o
 .debug_macro   0x0000000000013f38      0x1f7 Drivers/STM32L1xx_HAL_Driver/Src/stm32l1xx_hal_gpio.o
 .debug_macro   0x000000000001412f      0x1cb Drivers/STM32L1xx_HAL_Driver/Src/stm32l1xx_hal_pcd.o
 .debug_macro   0x00000000000142fa      0x1bf Drivers/STM32L1xx_HAL_Driver/Src/stm32l1xx_hal_pcd_ex.o
 .debug_macro   0x00000000000144b9      0x1d1 Drivers/STM32L1xx_HAL_Driver/Src/stm32l1xx_hal_rcc.o
 .debug_macro   0x000000000001468a      0x1c0 Drivers/STM32L1xx_HAL_Driver/Src/stm32l1xx_hal_uart.o
 .debug_macro   0x000000000001484a      0x1bf Drivers/STM32L1xx_HAL_Driver/Src/stm32l1xx_ll_usb.o
 .debug_macro   0x0000000000014a09      0x3db Middlewares/ST/STM32_USB_Device_Library/Class/DFU/Src/usbd_dfu.o
 .debug_macro   0x0000000000014de4       0x97 Middlewares/ST/STM32_USB_Device_Library/Class/DFU/Src/usbd_dfu.o
 .debug_macro   0x0000000000014e7b       0xfd Middlewares/ST/STM32_USB_Device_Library/Class/DFU/Src/usbd_dfu.o
 .debug_macro   0x0000000000014f78       0xbd Middlewares/ST/STM32_USB_Device_Library/Class/DFU/Src/usbd_dfu.o
 .debug_macro   0x0000000000015035       0x55 Middlewares/ST/STM32_USB_Device_Library/Class/DFU/Src/usbd_dfu.o
 .debug_macro   0x000000000001508a      0x10a Middlewares/ST/STM32_USB_Device_Library/Class/DFU/Src/usbd_dfu.o
 .debug_macro   0x0000000000015194      0x3c2 Middlewares/ST/STM32_USB_Device_Library/Core/Src/usbd_core.o
 .debug_macro   0x0000000000015556      0x1d6 Middlewares/ST/STM32_USB_Device_Library/Core/Src/usbd_core.o
 .debug_macro   0x000000000001572c      0x3cc Middlewares/ST/STM32_USB_Device_Library/Core/Src/usbd_ctlreq.o
 .debug_macro   0x0000000000015af8      0x3c8 Middlewares/ST/STM32_USB_Device_Library/Core/Src/usbd_ioreq.o
 .debug_macro   0x0000000000015ec0      0x3fc USB_DEVICE/App/usb_device.o
 .debug_macro   0x00000000000162bc       0x16 USB_DEVICE/App/usb_device.o
 .debug_macro   0x00000000000162d2       0x22 USB_DEVICE/App/usb_device.o
 .debug_macro   0x00000000000162f4      0x3ff USB_DEVICE/App/usbd_desc.o
 .debug_macro   0x00000000000166f3       0x1c USB_DEVICE/App/usbd_desc.o
 .debug_macro   0x000000000001670f      0x3e7 USB_DEVICE/App/usbd_dfu_if.o
 .debug_macro   0x0000000000016af6      0x3df USB_DEVICE/Target/usbd_conf.o

.debug_line     0x0000000000000000     0xfd05
 .debug_line    0x0000000000000000      0x6bf Core/Src/gpio.o
 .debug_line    0x00000000000006bf      0x9ea Core/Src/main.o
 .debug_line    0x00000000000010a9      0x6be Core/Src/stm32l1xx_hal_msp.o
 .debug_line    0x0000000000001767      0x789 Core/Src/stm32l1xx_it.o
 .debug_line    0x0000000000001ef0      0x4c7 Core/Src/sysmem.o
 .debug_line    0x00000000000023b7      0x6dc Core/Src/system_stm32l1xx.o
 .debug_line    0x0000000000002a93      0x6f4 Core/Src/usart.o
 .debug_line    0x0000000000003187       0x84 Core/Startup/startup_stm32l152rbtx.o
 .debug_line    0x000000000000320b      0x89b Drivers/STM32L1xx_HAL_Driver/Src/stm32l1xx_hal.o
 .debug_line    0x0000000000003aa6      0x9e4 Drivers/STM32L1xx_HAL_Driver/Src/stm32l1xx_hal_cortex.o
 .debug_line    0x000000000000448a      0x8c5 Drivers/STM32L1xx_HAL_Driver/Src/stm32l1xx_hal_dma.o
 .debug_line    0x0000000000004d4f      0x860 Drivers/STM32L1xx_HAL_Driver/Src/stm32l1xx_hal_flash.o
 .debug_line    0x00000000000055af      0xa1a Drivers/STM32L1xx_HAL_Driver/Src/stm32l1xx_hal_flash_ex.o
 .debug_line    0x0000000000005fc9      0x84d Drivers/STM32L1xx_HAL_Driver/Src/stm32l1xx_hal_gpio.o
 .debug_line    0x0000000000006816      0xcab Drivers/STM32L1xx_HAL_Driver/Src/stm32l1xx_hal_pcd.o
 .debug_line    0x00000000000074c1      0x709 Drivers/STM32L1xx_HAL_Driver/Src/stm32l1xx_hal_pcd_ex.o
 .debug_line    0x0000000000007bca      0x9c6 Drivers/STM32L1xx_HAL_Driver/Src/stm32l1xx_hal_rcc.o
 .debug_line    0x0000000000008590      0xfab Drivers/STM32L1xx_HAL_Driver/Src/stm32l1xx_hal_uart.o
 .debug_line    0x000000000000953b      0xd70 Drivers/STM32L1xx_HAL_Driver/Src/stm32l1xx_ll_usb.o
 .debug_line    0x000000000000a2ab      0xd9b Middlewares/ST/STM32_USB_Device_Library/Class/DFU/Src/usbd_dfu.o
 .debug_line    0x000000000000b046      0xbae Middlewares/ST/STM32_USB_Device_Library/Core/Src/usbd_core.o
 .debug_line    0x000000000000bbf4      0xc14 Middlewares/ST/STM32_USB_Device_Library/Core/Src/usbd_ctlreq.o
 .debug_line    0x000000000000c808      0xa18 Middlewares/ST/STM32_USB_Device_Library/Core/Src/usbd_ioreq.o
 .debug_line    0x000000000000d220      0x9fa USB_DEVICE/App/usb_device.o
 .debug_line    0x000000000000dc1a      0xa4c USB_DEVICE/App/usbd_desc.o
 .debug_line    0x000000000000e666      0xa6a USB_DEVICE/App/usbd_dfu_if.o
 .debug_line    0x000000000000f0d0      0xc35 USB_DEVICE/Target/usbd_conf.o

.debug_str      0x0000000000000000    0x7c1bc
 .debug_str     0x0000000000000000    0x72ea5 Core/Src/gpio.o